Pinned official contract fork: 1 block 25922607
Verifying stable-ng 0xD001aE433f254283FeCE51d4ACcE8c53263aa186
  Deposit: minted 628602058953074661560 LP atomic units
  Proportional and single-coin withdrawals: confirmed
  Router swap: recipient credited; impossible minimum reverted
Verifying stable-meta-ng 0x2482DFb5A65D901d137742AB1095f26374509352
  Deposit: minted 69045464795542905 LP atomic units
  Proportional and single-coin withdrawals: confirmed
  Router swap: recipient credited; impossible minimum reverted
Verifying twocrypto-ng 0xEe351f12EAE8C2B8B9d1B9BFd3c5dd565234578d
  Deposit: minted 173051165778684316 LP atomic units
  Proportional and single-coin withdrawals: confirmed
  Router swap: recipient credited; impossible minimum reverted
Verifying tricrypto-ng 0xf5f5B97624542D72A9E06f04804Bf81baA15e2B4
  Deposit: minted 75167647407029427 LP atomic units
  Proportional and single-coin withdrawals: confirmed
  Router swap: recipient credited; impossible minimum reverted
  Native ETH liquidity and Router wrap hop: confirmed
Verifying legacy-3 0xbEbc44782C7dB0a1A60Cb6fe97d0b483032FF1C7
  Deposit: minted 1541313290583043468376 LP atomic units
  Proportional and single-coin withdrawals: confirmed
  Router swap: recipient credited; impossible minimum reverted
Verifying legacy-2 0xDC24316b9AE028F1497c275EB9192a3Ea0f67022
  Deposit: minted 356637668610602819 LP atomic units
  Proportional and single-coin withdrawals: confirmed
  Router swap: recipient credited; impossible minimum reverted
PASS 1: official contracts, fixture funds only
