Topping up ibrml-ld777-77774-qaabq-cai with 98500001794099 cycles
Installing 3 package(s) into ibrml-ld777-77774-qaabq-cai
Seeding kernel package assets
Uploaded /motoko/moc.wasm.cjs
Uploaded /motoko/manifest.json
Uploaded /motoko/moc.wasm.js
Uploaded /motoko/moc_wasm.bc.wasm.assets/code-f5f43a949347ac80d9c4.wasm
Uploaded /pkg/neutron.json
Uploaded /favicon.ico
Uploaded /pkg/neutron.lock.json
Uploaded /motoko/SHA256SUMS
Uploaded /connections/callback.css
Uploaded /connections/callback.html
Uploaded /connections/callback.js
Uploaded /motoko/moc_wasm.bc.wasm.assets/code-269b29f4d4f15ad06819.wasm
Uploaded /main.css
Uploaded /main.js
Uploaded /static/icon.png
Uploaded /
Uploaded /mo/a15c0531ccdb3d1063dda2234767cdb55b1019a170f7f76007e48b312f95d8f7.mo
Uploaded /mo/f648f2f47bf47de7ea63ddbec9b0a2a70208191934cf8668f78bd197f90e280e.mo
Uploaded /mo/8be4b6630fc8d114fc16c810175b168f38dac2ec4abfe04970b2ba76a812a470.mo
Uploaded /mo/d172d627a0e3d52498fafdf6bf0c98153400326eb7ce37a65d6df9162a4a3a61.mo
Uploaded /mo/1139a72434524d135111737f2989032ad31b0607ca80812f3e6e6cf1dab0f565.mo
Uploaded /mo/0ab2c85bb51abd8d4665e4a034a80485ceaedfcba6dc36b2d036ef436ac91d66.mo
Uploaded /mo/ee4c30fc8f509df3906027180db14048a094b5b7530fd39503cdc3f8004059aa.mo
Uploaded /mo/de9d8cb00b5f06cb3500b3a8c58810082495e2027ab1ba39fa77a8c3a0ba5292.mo
Uploaded /mo/73d56a84d24474503965d3e98466cd328276d6dfac4b89423ad2835fc02024cb.mo
Uploaded /mo/aebc17750b270e90a58064f5d17846bc62c93e0e2bc64fb7e1199b92bd4c02d9.mo
Uploaded /mo/540f43a3fe8a8b9a0accb78f87ba4c151af9769096dd657d526c4e58b0441f67.mo
Uploaded /mo/67e9d27c5d0e2aa574d4d830971f3946aafa40301bec41d44fe6f9b6204b8190.mo
Uploaded /mo/9ed6fc4e186098f10d9b68630c3f24858797df97c5398831c50906a6339edc98.mo
Uploaded /mo/1ae38af22bbd20d80bd4bb2c276075935a1c9069b03d6773928b247616e48193.mo
Uploaded /mo/e68f8ec6938d9c4cc6120e17c10ca54bd5ff69076295e752a0d6afe9146eb4ea.mo
Uploaded /mo/fd43f14e88d17a042619d169efb85b3275ed4cc0c939696f623149fdd90cf442.mo
Uploaded /mo/0bbb43776b8a905ca7cf296e310243120107814bffcbc9ab4e74dcce8a0b709f.mo
Uploaded /mo/04fd2c52886da1a616222a6415444aa1a4954866c2a8bb5bcbf4a78c5c3b0b54.mo
Uploaded /mo/c46bde662797652a00a14ea08b5179130a0df12d0c11b22db2a45b6fbad0ce02.mo
Uploaded /mo/d638c6b06d2949ba4ef490190790e846696b9fe39b6f5ab7d10bb05cdb347c57.mo
Uploaded /mo/12cea4f636b49f7bb1dc59a61c51a93b371c3d37b4789b0aab2dea0374e7037f.mo
Uploaded /mo/1df8612d3bd1f1f64a8db7eb234c50adc62fc4916a21e86125b453bf42a2c009.mo
Uploaded /mo/9e26ed215de75cdc6ea4f27bd474f72d567aa24146cc590637696821d8e0d922.mo
Uploaded /mo/d1ceaf3da72a662842dad6256b90f6c4214b079f5658917a72e0fa3b97e21bdc.mo
Uploaded /mo/59d991367413199580f31df1021c41cd6aafb1ad1580824a58e45ca6e5d1f9f2.mo
Uploaded /mo/359fa49d20b5cbaa688d71d62fbb4fe47aa8cfe70d2d928e62edc35d3faf52a2.mo
Uploaded /mo/c3e7dd66b60a9a2459ac644411b9b2f9affdc2f312fd3acbdfde00e987cb93c6.mo
Uploaded /mo/ef79bd3a2daff777c4064d0e81f84feaf2a3bbf2fb1ee979b0a0d94151907e3d.mo
Uploaded /mo/fe978927aef5e91dfe4dfc50409631e306d9ce904f720d3ab123a50e4e2f1282.mo
Uploaded /mo/31f7ada71f5940bd2c45933e4d19e5aedd73b17461dc043b3e8ba3b0e8e1b4ef.mo
Uploaded /mo/5ee3f836c98cd25707dea658be5ed067484e8f4952c784aaf5251edd685f4f79.mo
Uploaded /mo/ec64e40330b2bd235aaff46d7c1c5878ddd9e7011d37b71c32b2f52bc6af8cc4.mo
Uploaded /mo/17054f8196e37391534647c843683bccc718f1188f0277db9f832a6248998015.mo
Uploaded /mo/a76f75d7e350ccbdb0515959c3a3ed75a24b3a67d9520277d4db59c86dbfb365.mo
Uploaded /mo/dab68f3b931b025ef90497b2a81c725e6207253e18ffb9fca84dcfe79163013e.mo
Uploaded /mo/ba9cd383f91b639746f5c1913f42f82f71daf7c21f5fc7e45e77b02128a10a2f.mo
Uploaded /mo/00bf6dc15ec20fec4b7f1acfee48b63ede4d913bb570d189df14f7673a125c15.mo
Uploaded /mo/d00c7ca4a4cdf2b977f1e4648774d3cf4e1284bc16354b8ae26360d50a29df40.mo
Uploaded /mo/621db19b6950199c8b3ddc025567b550b7d9955194ed1fb64cf8025b0e69f328.mo
Uploaded /mo/fd44486fa28c4d000a651caee8b95cd2ffba6da099ec73876bdde7e3206e08f6.mo
Uploaded /mo/df17e201b4d3ef57d00db0d09c893463820f77f9d19c541ffc3406664b7e59de.mo
Uploaded /mo/866193bc42d116aa550acdcd3bb0155827697ef12f1b8990cbf9ec372a5d229c.mo
Uploaded /mo/88cab36518517af15cf91cf1ec4d97a7325b9d858945164ddf624269c28a755b.mo
Uploaded /mo/dd5ce8af569a8fbe354f90a8762eeab4792af321dbe1e86c016878ca005b3fe2.mo
Uploaded /mo/0b3266603c9392cab6ab2541728b354fb38abb019d0e5c12f0123cd63929aeba.mo
Uploaded /mo/ef6ae9ee012af6de9b8bcb9f34bfed9cb3ed935b779d5795dbd58b4676a4dd4a.mo
Uploaded /mo/c21cc45361e8d49c35582ee03f90fbda4d7867eb8d295f8362f754912fd49857.mo
Uploaded /mo/38903131ec9afb98f2e35fb66ecb523a600a5661fdd74b35dd3dfd7eec44ba50.mo
Uploaded /mo/90e3d59d7f34a2ab9992488abf30f216f78b4694aa2e3286d71450a4d44761b8.mo
Uploaded /mo/880395ba6a3cfa6ab237c7587ed65b90fba12473791176bb3cb45bb8ebb4ce27.mo
Uploaded /mo/f9254724ad0297a619c3846ad5c1d1460ee460352947b72a97062be811029bd1.mo
Uploaded /mo/b7722aef6fb2dc9847a3bcbd9cf4079294d7e3cb1b8e465a1edd951fa39db4c4.mo
Uploaded /mo/85b1f986a0dde95a423e56ba1bc4b05d0e8755fdd2ca8da98c53e241b75d5acd.mo
Uploaded /mo/99b0c3802d360218b101b05951495389e7f07af8eccbf2ba51c6e4bf64f09fe5.mo
Uploaded /mo/58345741e3f7447343acd214e8842d7f023d9cc336977bc418f7c379b177b206.mo
Uploaded /mo/d96203fa5bc99303e752e5776e547b559392ecfae78d39d83107c2d39d205094.mo
Uploaded /mo/364dc589a2c7aed9e01928af6328c22a5aa19e2103654c70b7dbcc3ef4f919f8.mo
Uploaded /mo/21f1912ee3a6ab628102040534b896de572a6b016eecb5bd2d2616b10cc314b1.mo
Uploaded /mo/d0dc049c6c251a14347ab99af7b2f41752ef12fa4b28135b92694e278d9b2063.mo
Uploaded /mo/99a4ba62d3a2a331bdd59844755a23cb26887f3ad19ee32e1a414c018dad2e23.mo
Uploaded /mo/c4694f6feff9e0a5965256abfc40d5b3dfe5ffaf657c28380e4ef5ae1f9cff47.mo
Uploaded /mo/588ed9b28e7b6a15b8100df4edf5744028a8e7e748407208cf2c3751f6cd11b0.mo
Uploaded /mo/a854bd0236197a77055d1ee209c9f3343d07290a529674224baece8c5f01b0af.mo
Uploaded /mo/b9e32550dc24e5903a4940b3a3ad093cf503750ad701ad84a71b293e72ae086b.mo
Uploaded /mo/d6ead510bdcb1d51da9b00e1f2a0c831b4cfa8573f7e53124b665179b1feb369.mo
Uploaded /mo/fefcc21197346ff0720fb317fe710d084decb146d8bcaa774728fb443ca9ef6e.mo
Uploaded /mo/f5342d880badeb950aa4314dda0c00e4a68913ba938669b248004f593cc2ee55.mo
Uploaded /mo/f6c0ae58f8e1dba5770a7dfd7ac7bbea40f348f417ad231a71d75591126176ea.mo
Uploaded /mo/a8075438551f047ea065a8484906dbd30cbca7a542a8c905abc5256bb0b28210.mo
Uploaded /mo/1084bc37e720116d304b2d7d54672a3261d3d70cf434868e82eccbf9b7f6814b.mo
Uploaded /mo/275ee15b5a5f8a89e2b1bc91d2bb490351f83919b67fec52f788d7b362ef0bd8.mo
Uploaded /mo/9d4773063438971aa82817c5f95d489280ac3af9f70aaef12303b7f068f9587c.mo
Uploaded /mo/1d03cd6d062a5bdb06793576b2c20569a8cdfa4e13f45ca3d5558bae2fde0d48.mo
Uploaded /mo/d20003c78ad9f6edf65cac9f65366a7746cd358a5cd7a43e75b69177f13d3ecf.mo
Uploaded /mo/5584e23cbcf391d048c53efb5aa6385045d65bcb7ad0dd3a7d73ea86c6109384.mo
Uploaded /mo/ccb23e2d72bb4ab9edc842d7dc106d708734b3a441117e4a7816067209391eac.mo
Uploaded /mo/1a0276f0d06ee5075d92ace325aac1445ccee2355fe2fa238ae6f6db65615752.mo
Uploaded /mo/b175a45466cde4af6fc00d535cdef3405d4d804008045ffa82d2a36a41f514b8.mo
Uploaded /mo/6fa1c74ef662a90c4b875333e6ab5dd1614a64e909410b4ebbad3c38bf54b407.mo
Uploaded /mo/1e3d9d3f51247c6b5c8adbd1465634152a7a85a6efd85aaa9f175b5fd8355bb9.mo
Uploaded /mo/9c40c2f772510ff7f0489edfad4726f54cb3b868fb46e9b0cbc75652ec1de77e.mo
Uploaded /mo/6ff441ebace448053f6db10daff7827c72bf83bcef38a42f1cea6fdad50d63ef.mo
Uploaded /mo/0ad292286ce19640089182a0bd0c9d23f783a90095a6c7dbdcd217b3f6e154c0.mo
Uploaded /mo/d372362d2b49d71ce1fda90cf74e352d2c619ba6345fbe93478ee2a925add5d7.mo
Uploaded /mo/2bed60df5620d6915bca6c9a3f4f73f55a0b087ff202052f7f128ce38bebdc37.mo
Uploaded /mo/1a7e3db706620709d2f22b7706a7cb961304cf11bdedeb519b90f7c8eb0104d3.mo
Uploaded /mo/8e316adcb9b926470bbbf14471c434e60ca7ee461534024c1d01aa017d4943c6.mo
Uploaded /mo/a5aa55790c1fc3f4aab2fefcb99652b94b8123998bb572594d35dd0bbca799a6.mo
Uploaded /mo/b28a4a7776ac8d70095f0bcf15b97da0e8a77560b5c8ba7fe143b8b741596b9d.mo
Uploaded /mo/00cf90b0d290680251bc8d197d4d3191380f0ad0a1355fd97202d76f996306df.mo
Uploaded /mo/99eb98c9bf0af906c32306932eee1b6066bbb7957429f6fef7e6257dbb13cc93.mo
Uploaded /mo/805a37df488e74ba7e205a4e391beafd9a43b95a6928044a548fccafb09ca238.mo
Uploaded /mo/fbba10ff45154248567268aa2b2ec0466aa2b6035602759f6fb145f3671ce70c.mo
Uploaded /mo/b104ca721b4622e9b43c8abc84e844c637a0314b7f0b3e0eac9d2f1dda9a0910.mo
Uploaded /mo/78222225a965bef98f662c85ff9e55e747c729bdd0633968a3935628fabccb98.mo
Uploaded /mo/3aeed20003aa1864549527075a8298f890157a6e37366384c9e275a38dc0d8ba.mo
Uploaded /mo/7063f209c517e1e3565b8baed3ce18310147aad933ee8e1cb61309e62d5f9a50.mo
Uploaded /mo/ed6e47cb80f1da72c69a052013e766ee5da4e119e120eb125f1671fa148b1cb7.mo
Uploaded /mo/63a5ddd0e97c8eac3a66e4eb9734dfa08bcefc3d64ff2e4a43f281081a2ef70e.mo
Uploaded /mo/0b084b9eb109dfe2bddc416a426873b97be8fd3ccb375a40be8232765d36ed73.mo
Uploaded /mo/1bad03797957775f863a3877baadb97f8a957f256be507ce159284cf09bc7474.mo
Uploaded /mo/09caf7c63d9b3d1ca721bffec704ad58473a58442ca428aa642f869b42b9c17b.mo
Uploaded /mo/ebc6ca4f9e45ba694ecb34f44f4cd3d34222a4cdc0b008e24687966d4878bbb0.mo
Uploaded /mo/c4e90bdeb3c6a50e396d14dde0df0a6c2828c8e346b020151f097595144c0152.mo
Uploaded /mo/4b6d97683d4354a7fe185827a135298026e670b1279af4284c74059628ec0f39.mo
Uploaded /mo/889520e55c859a415b7449cd8e93fbfaf9f1db8b8b39890e0e6e880bfcc0b14a.mo
Uploaded /mo/aa8c833097fe747e8b22f7ea646a8eba60277b5b3975ea4f750ee86d0ad99d67.mo
Uploaded /mo/b24a08fb45959f8d3144bd929ca3673f3f34e27dd119c00356177344004bcf7f.mo
Uploaded /mo/78b534933cdaf7cb1cb8d7b2d514fd356e6ea7cbcc267e7e1d2b9e97f2f31636.mo
Uploaded /mo/82f2a5a9b5311dcddec94a0312570251e685faf84b8e10efcbef04e849f00a95.mo
Uploaded /mo/394eda524ad6869af6e1f8bf5be2f6885951b4191c71c790ca325539ef65464e.mo
Uploaded /mo/5a4a455e060d9d767532d84c0f57c1a383324605a1a6aa040289189d35974220.mo
Uploaded /mo/2435db1933ffd2e6704b14b8a938f7374278246a1b0829b3258e710538389963.mo
Uploaded /mo/c2e53d76eff6b20e4f1c2dba239c4d37a5bbc76f47541c546e8bc8b9c088c2cc.mo
Uploaded /mo/f3dffd4ec6c6c5c0b6935030901c42120fdbe685207d45bd7bc13bca163a3fe6.mo
Uploaded /mo/83eb5f95df4a61bf8f488c78ebeb761f3c4aafc42b6c7e6b685f8fd9c6b09c58.mo
Uploaded /mo/691c76db4995f4681444c93508e4bc14bdc036f9924d91f73e5025d402771aa3.mo
Uploaded /mo/d79f022b1b89da505ee9902e94b3cc48b19a1e462a7d0d14213d68be9aabf13d.mo
Uploaded /mo/0e908d8e686bdd55fd1b2b25ecb6680dbfbf40cd55aaa83cd46107923c7df772.mo
Uploaded /mo/4aad4010c89633671cafcbb734d850645a37076efe9256d2d048c5567c291c1d.mo
Uploaded /mo/60d621190b27ada9cc3983f191313058b872ec4790f8d7ec896e4a3219b4214f.mo
Uploaded /mo/7e83e2c2ee893b921439553e49d92aa4ee99a0ece4e7018d51a804d2c41e737b.mo
Uploaded /mo/68e9e490e4cf45164682db9f974257a5074358c651bbd2f6f32cbadf180903fd.mo
Uploaded /mo/a1de33f2d0bf3f80a79b15cba35fbdd08c2ae3c1b2308c76ed7e5af24cb1f903.mo
Uploaded /mo/e34368c73dec890d9b56beaac5650de43bfeeee3192b2c881bc28088f42a1abc.mo
Uploaded /mo/cf003582a2c28f9c88852c9ed5047b5da08e0f6048aab435a75cde72f49ace75.mo
Uploaded /mo/5e243b6be3c5f9e02afddd6576ee33c9ff30cbdaad4c8364c4c0f9f0f8c8f1fe.mo
Uploaded /mo/52a7c600886416b0c0d29373b0cc53a9f47ee2a65dce6950ca2e546341f9fc8d.mo
Uploaded /mo/dbbf291147610331282292adfcde5b832506b4ff9dd4dcc960ea22fd1f2cbe35.mo
Uploaded /mo/78b2a19b27b7d278bd51ba092cd40399575f2f231b033fbdde60904c2d259e3c.mo
Uploaded /mo/e657c65342789b551e77b3a4867ba97d0e2f462c4b6e42128e8522fcb5f76436.mo
Uploaded /mo/96365d0856be6f3b7bef38dee6fa81ebe20cb19744ca7dba302bb78b94d6d3f8.mo
Uploaded /mo/afdd84f3a8b3c82dd3c132964e76d87da4da28617e734c6579725f49e112146c.mo
Uploaded /mo/748e21685368ac02d6dfdea9835ab57a0bc5c13aa8a2734dc1effdd3e3a5ec6d.mo
Uploaded /mo/137931a3b69dfd02e29c1a33ae21d6de251163545456b37826480fc859244294.mo
Uploaded /mo/1b643fce23d7586a22531183396b8824e76f258d224bdcaa08a89c19f5ab3d53.mo
Uploaded /mo/fe45cc69bcad5c3283a472988075a08cb2bd3c578ee5bf802670fe0b38bfa994.mo
Uploaded /mo/50f09789e062c367333bfa3973bee0471e9b38ff6dd2de5856dc2f29354a2c69.mo
Uploaded /mo/ef68324962c683aae3966a81d3ce74fd8c433dab14180d3dac366d0922551cf4.mo
Uploaded /mo/2e46321f472410f37782f830c8f544c9f5ca503a698c472544ed8ecd9cab3111.mo
Uploaded /mo/b946cf658c8a21a6b02652b477f53acc938864837a4e8d780e47a7f7a93f6c1c.mo
Uploaded /mo/8336d29a990deb69054f7b6e60ff8c205831bb64a5da9ddec25f2adc8877637d.mo
Uploaded /mo/3a0711173f99ec006770ae99d19ace69999637dc972f9e34aeea35e315756d7d.mo
Uploaded /mo/165252880272b136ea8e7d988177f35e7ecdd741ebf111021eedaedb210ac73e.mo
Uploaded /mo/9bcf1bbd950dd35f7e90e2f49d03c9f769c3eddff93fbdc4009e91625269f0dc.mo
Uploaded /pkg/neutron.did
Uploaded /app/contacts/service.js
Uploaded /mo/f648f2f47bf47de7ea63ddbec9b0a2a70208191934cf8668f78bd197f90e280e.mo
Uploaded /app/contacts/pkg/schema.json
Uploaded /app/contacts/index.html
Uploaded /app/contacts/main.css
Uploaded /app/contacts/static/icon.svg
Uploaded /app/contacts/pkg/neutron.lock.json
Uploaded /app/contacts/main.js
Uploaded /app/contacts/service.html
Uploaded /app/contacts/pkg/neutron.json
Uploaded /mo/1139a72434524d135111737f2989032ad31b0607ca80812f3e6e6cf1dab0f565.mo
Uploaded /mo/1ae38af22bbd20d80bd4bb2c276075935a1c9069b03d6773928b247616e48193.mo
Uploaded /mo/59d991367413199580f31df1021c41cd6aafb1ad1580824a58e45ca6e5d1f9f2.mo
Uploaded /mo/d1ceaf3da72a662842dad6256b90f6c4214b079f5658917a72e0fa3b97e21bdc.mo
Uploaded /mo/ec64e40330b2bd235aaff46d7c1c5878ddd9e7011d37b71c32b2f52bc6af8cc4.mo
Uploaded /mo/ef79bd3a2daff777c4064d0e81f84feaf2a3bbf2fb1ee979b0a0d94151907e3d.mo
Uploaded /mo/6e11a1b59bef82a1939ab52a270e22a63a6b57f4e07bfbd2e5395b980587bfaf.mo
Uploaded /mo/ba9cd383f91b639746f5c1913f42f82f71daf7c21f5fc7e45e77b02128a10a2f.mo
Uploaded /mo/00bf6dc15ec20fec4b7f1acfee48b63ede4d913bb570d189df14f7673a125c15.mo
Uploaded /mo/588ed9b28e7b6a15b8100df4edf5744028a8e7e748407208cf2c3751f6cd11b0.mo
Uploaded /mo/d6ead510bdcb1d51da9b00e1f2a0c831b4cfa8573f7e53124b665179b1feb369.mo
Uploaded /mo/fefcc21197346ff0720fb317fe710d084decb146d8bcaa774728fb443ca9ef6e.mo
Uploaded /mo/1948d28cbbbbdf2ed5cbfe8eef7fd7821a3b1dd6af73505e16ee3d6ac45355a5.mo
Uploaded /mo/5584e23cbcf391d048c53efb5aa6385045d65bcb7ad0dd3a7d73ea86c6109384.mo
Uploaded /mo/ccb23e2d72bb4ab9edc842d7dc106d708734b3a441117e4a7816067209391eac.mo
Uploaded /mo/1a7e3db706620709d2f22b7706a7cb961304cf11bdedeb519b90f7c8eb0104d3.mo
Uploaded /mo/b28a4a7776ac8d70095f0bcf15b97da0e8a77560b5c8ba7fe143b8b741596b9d.mo
Uploaded /mo/78222225a965bef98f662c85ff9e55e747c729bdd0633968a3935628fabccb98.mo
Uploaded /mo/3aeed20003aa1864549527075a8298f890157a6e37366384c9e275a38dc0d8ba.mo
Uploaded /mo/7063f209c517e1e3565b8baed3ce18310147aad933ee8e1cb61309e62d5f9a50.mo
Uploaded /mo/ed6e47cb80f1da72c69a052013e766ee5da4e119e120eb125f1671fa148b1cb7.mo
Uploaded /mo/4b6d97683d4354a7fe185827a135298026e670b1279af4284c74059628ec0f39.mo
Uploaded /mo/394eda524ad6869af6e1f8bf5be2f6885951b4191c71c790ca325539ef65464e.mo
Uploaded /mo/0b95459dd1edee6e85f4af3a4296046ac167b42fa37c7fee6a420bbd85b3eb7c.mo
Uploaded /mo/f3dffd4ec6c6c5c0b6935030901c42120fdbe685207d45bd7bc13bca163a3fe6.mo
Uploaded /mo/0e908d8e686bdd55fd1b2b25ecb6680dbfbf40cd55aaa83cd46107923c7df772.mo
Uploaded /mo/7fb71e8dc59671af575b9ef8dd26af05bcdf78b62cde07c9b54cefe3bdf4f8c5.mo
Uploaded /mo/52a7c600886416b0c0d29373b0cc53a9f47ee2a65dce6950ca2e546341f9fc8d.mo
Uploaded /mo/e34368c73dec890d9b56beaac5650de43bfeeee3192b2c881bc28088f42a1abc.mo
Uploaded /mo/fe45cc69bcad5c3283a472988075a08cb2bd3c578ee5bf802670fe0b38bfa994.mo
Uploaded /app/mail/tray.html
Uploaded /app/mail/main.js
Uploaded /app/mail/index.html
Uploaded /app/mail/pkg/neutron.lock.json
Uploaded /app/mail/pkg/neutron.json
Uploaded /app/mail/static/icon.svg
Uploaded /app/mail/pkg/schema.json
Uploaded /app/mail/main.css
Uploaded /app/mail/tray.css
Uploaded /app/mail/service.js
Uploaded /app/mail/service.html
Uploaded /app/mail/tray.js
Uploaded /mo/f648f2f47bf47de7ea63ddbec9b0a2a70208191934cf8668f78bd197f90e280e.mo
Uploaded /mo/8be4b6630fc8d114fc16c810175b168f38dac2ec4abfe04970b2ba76a812a470.mo
Uploaded /mo/ee4c30fc8f509df3906027180db14048a094b5b7530fd39503cdc3f8004059aa.mo
Uploaded /mo/1139a72434524d135111737f2989032ad31b0607ca80812f3e6e6cf1dab0f565.mo
Uploaded /mo/cb457005f01f8c733c357b5675ace14b37d99c77b9dd49c3131637ac3edb0e30.mo
Uploaded /mo/c46bde662797652a00a14ea08b5179130a0df12d0c11b22db2a45b6fbad0ce02.mo
Uploaded /mo/1ae38af22bbd20d80bd4bb2c276075935a1c9069b03d6773928b247616e48193.mo
Uploaded /mo/d638c6b06d2949ba4ef490190790e846696b9fe39b6f5ab7d10bb05cdb347c57.mo
Uploaded /mo/d1ceaf3da72a662842dad6256b90f6c4214b079f5658917a72e0fa3b97e21bdc.mo
Uploaded /mo/59d991367413199580f31df1021c41cd6aafb1ad1580824a58e45ca6e5d1f9f2.mo
Uploaded /mo/c3e7dd66b60a9a2459ac644411b9b2f9affdc2f312fd3acbdfde00e987cb93c6.mo
Uploaded /mo/fe978927aef5e91dfe4dfc50409631e306d9ce904f720d3ab123a50e4e2f1282.mo
Uploaded /mo/ef79bd3a2daff777c4064d0e81f84feaf2a3bbf2fb1ee979b0a0d94151907e3d.mo
Uploaded /mo/ba9cd383f91b639746f5c1913f42f82f71daf7c21f5fc7e45e77b02128a10a2f.mo
Uploaded /mo/ec64e40330b2bd235aaff46d7c1c5878ddd9e7011d37b71c32b2f52bc6af8cc4.mo
Uploaded /mo/0ced05ae2d99b317b7592b4d7e416c0088e4cc08cf0a839e41236266d969a689.mo
Uploaded /mo/621db19b6950199c8b3ddc025567b550b7d9955194ed1fb64cf8025b0e69f328.mo
Uploaded /mo/00bf6dc15ec20fec4b7f1acfee48b63ede4d913bb570d189df14f7673a125c15.mo
Uploaded /mo/99b0c3802d360218b101b05951495389e7f07af8eccbf2ba51c6e4bf64f09fe5.mo
Uploaded /mo/45d7fc358afea65c174bfd30573cb9b3cc9ee419e863c671ef911f5d36c1d00a.mo
Uploaded /mo/588ed9b28e7b6a15b8100df4edf5744028a8e7e748407208cf2c3751f6cd11b0.mo
Uploaded /mo/a41c18283a486244c40c0037f0d4c6355cfd0d4d2c8556d6edd24ae00be0d481.mo
Uploaded /mo/4af27b88c3e069b8d6f7866e23474640bf7d54c18c337920ee18638eaf225277.mo
Uploaded /mo/73125093f078112e7f85ebdcd2abbc849683619b8f6cf6e56c2b273408608be4.mo
Uploaded /mo/dfdb7b994ebfd71af91dd7bd79aef08ec2d134b2e2e22749d7e56d300effc258.mo
Uploaded /mo/fefcc21197346ff0720fb317fe710d084decb146d8bcaa774728fb443ca9ef6e.mo
Uploaded /mo/d6ead510bdcb1d51da9b00e1f2a0c831b4cfa8573f7e53124b665179b1feb369.mo
Uploaded /mo/1084bc37e720116d304b2d7d54672a3261d3d70cf434868e82eccbf9b7f6814b.mo
Uploaded /mo/f5342d880badeb950aa4314dda0c00e4a68913ba938669b248004f593cc2ee55.mo
Uploaded /mo/9d4773063438971aa82817c5f95d489280ac3af9f70aaef12303b7f068f9587c.mo
Uploaded /mo/638ac1b5e92e6feb545d7f7fd63d88af85707b8adbbfa75db06e438dca3b7df1.mo
Uploaded /mo/5584e23cbcf391d048c53efb5aa6385045d65bcb7ad0dd3a7d73ea86c6109384.mo
Uploaded /mo/ccb23e2d72bb4ab9edc842d7dc106d708734b3a441117e4a7816067209391eac.mo
Uploaded /mo/1e3d9d3f51247c6b5c8adbd1465634152a7a85a6efd85aaa9f175b5fd8355bb9.mo
Uploaded /mo/9c40c2f772510ff7f0489edfad4726f54cb3b868fb46e9b0cbc75652ec1de77e.mo
Uploaded /mo/d372362d2b49d71ce1fda90cf74e352d2c619ba6345fbe93478ee2a925add5d7.mo
Uploaded /mo/1a7e3db706620709d2f22b7706a7cb961304cf11bdedeb519b90f7c8eb0104d3.mo
Uploaded /mo/b28a4a7776ac8d70095f0bcf15b97da0e8a77560b5c8ba7fe143b8b741596b9d.mo
Uploaded /mo/b104ca721b4622e9b43c8abc84e844c637a0314b7f0b3e0eac9d2f1dda9a0910.mo
Uploaded /mo/99eb98c9bf0af906c32306932eee1b6066bbb7957429f6fef7e6257dbb13cc93.mo
Uploaded /mo/78222225a965bef98f662c85ff9e55e747c729bdd0633968a3935628fabccb98.mo
Uploaded /mo/7063f209c517e1e3565b8baed3ce18310147aad933ee8e1cb61309e62d5f9a50.mo
Uploaded /mo/3aeed20003aa1864549527075a8298f890157a6e37366384c9e275a38dc0d8ba.mo
Uploaded /mo/ed6e47cb80f1da72c69a052013e766ee5da4e119e120eb125f1671fa148b1cb7.mo
Uploaded /mo/e0fd6ae7653a06bbfc43aaf1c9af3a09a8a49999729b53f86cef206f3298648d.mo
Uploaded /mo/1bad03797957775f863a3877baadb97f8a957f256be507ce159284cf09bc7474.mo
Uploaded /mo/e04f003738f2926a58f1ca9d39f49d733f65f5e723d5aeec47f3f736ae6b8c50.mo
Uploaded /mo/16cbb9859a31c8f35aa96d48cbafbd6eddf27c9f33269597635a5886cc85190a.mo
Uploaded /mo/4b6d97683d4354a7fe185827a135298026e670b1279af4284c74059628ec0f39.mo
Uploaded /mo/394eda524ad6869af6e1f8bf5be2f6885951b4191c71c790ca325539ef65464e.mo
Uploaded /mo/f3dffd4ec6c6c5c0b6935030901c42120fdbe685207d45bd7bc13bca163a3fe6.mo
Uploaded /mo/2c31dbf19119222876640ebc1aec79fecb84a14c158e1cddb5554196398d4a00.mo
Uploaded /mo/8c6b826658e46cc7bea4cb62183cf01b62b30748144ceae65bced6c6ae94c84b.mo
Uploaded /mo/0e908d8e686bdd55fd1b2b25ecb6680dbfbf40cd55aaa83cd46107923c7df772.mo
Uploaded /mo/0a55e1714b322d5823a8ab17be65136aca67291a47cfb812ff246e15274dcb58.mo
Uploaded /mo/fc8cbcbe8c9e8b7e0be9811b36aa96095bdb6b0e8e5ff48099758af6531e03f2.mo
Uploaded /mo/e34368c73dec890d9b56beaac5650de43bfeeee3192b2c881bc28088f42a1abc.mo
Uploaded /mo/52a7c600886416b0c0d29373b0cc53a9f47ee2a65dce6950ca2e546341f9fc8d.mo
Uploaded /mo/dbbf291147610331282292adfcde5b832506b4ff9dd4dcc960ea22fd1f2cbe35.mo
Uploaded /mo/50f09789e062c367333bfa3973bee0471e9b38ff6dd2de5856dc2f29354a2c69.mo
Uploaded /mo/fe45cc69bcad5c3283a472988075a08cb2bd3c578ee5bf802670fe0b38bfa994.mo
Uploaded /mo/165252880272b136ea8e7d988177f35e7ecdd741ebf111021eedaedb210ac73e.mo
Uploaded /mo/fecf5ab98926aa0b911dd74aee319ab5c9b78eb005357bf48d93f0e672d37010.mo
Kernel URL: http://ibrml-ld777-77774-qaabq-cai.raw.localhost:18084
