
> neutron-evm-wallet@1.0.0 package
> npm run validate && npm run build && npm run mopack && npm run schema && npm run package:metadata && bun ../../packages/neutron-scripts/src/pack.ts


> neutron-evm-wallet@1.0.0 validate
> bun ../../packages/neutron-scripts/src/validate.ts

neutron.json is valid

> neutron-evm-wallet@1.0.0 build
> bun build.ts && npm run mogen


> neutron-evm-wallet@1.0.0 mogen
> bun ../../packages/neutron-scripts/src/mogen.ts


> neutron-evm-wallet@1.0.0 mopack
> bun ../../packages/neutron-scripts/src/mopack.ts

Processing Motoko package roots...
Processing /srv/shared/code/neutron/apps/evm_wallet/backend/main.mo
Processing .mops/_github/core#v2.6.0/src/Array.mo
Processing /srv/shared/code/neutron/apps/evm_wallet/.mops/_github/core#v2.6.0/src/Order.mo
Processing /srv/shared/code/neutron/apps/evm_wallet/.mops/_github/core#v2.6.0/src/Types.mo
Processing /srv/shared/code/neutron/apps/evm_wallet/.mops/_github/core#v2.6.0/src/VarArray.mo
Processing /srv/shared/code/neutron/apps/evm_wallet/.mops/_github/core#v2.6.0/src/Types.mo
Processing /srv/shared/code/neutron/apps/evm_wallet/.mops/_github/core#v2.6.0/src/Order.mo
Processing /srv/shared/code/neutron/apps/evm_wallet/.mops/_github/core#v2.6.0/src/Result.mo
Processing /srv/shared/code/neutron/apps/evm_wallet/.mops/_github/core#v2.6.0/src/Order.mo
Processing /srv/shared/code/neutron/apps/evm_wallet/.mops/_github/core#v2.6.0/src/Types.mo
Processing /srv/shared/code/neutron/apps/evm_wallet/.mops/_github/core#v2.6.0/src/Option.mo
Processing /srv/shared/code/neutron/apps/evm_wallet/.mops/_github/core#v2.6.0/src/Runtime.mo
Processing /srv/shared/code/neutron/apps/evm_wallet/.mops/_github/core#v2.6.0/src/Types.mo
Processing /srv/shared/code/neutron/apps/evm_wallet/.mops/_github/core#v2.6.0/src/internal/SortHelper.mo
Processing /srv/shared/code/neutron/apps/evm_wallet/.mops/_github/core#v2.6.0/src/Runtime.mo
Processing /srv/shared/code/neutron/apps/evm_wallet/.mops/_github/core#v2.6.0/src/Order.mo
Processing /srv/shared/code/neutron/apps/evm_wallet/.mops/_github/core#v2.6.0/src/Option.mo
Processing /srv/shared/code/neutron/apps/evm_wallet/.mops/_github/core#v2.6.0/src/Types.mo
Processing .mops/_github/core#v2.6.0/src/Blob.mo
Processing /srv/shared/code/neutron/apps/evm_wallet/.mops/_github/core#v2.6.0/src/Types.mo
Processing /srv/shared/code/neutron/apps/evm_wallet/.mops/_github/core#v2.6.0/src/Order.mo
Processing .mops/_github/core#v2.6.0/src/Error.mo
Processing .mops/_github/core#v2.6.0/src/Map.mo
Processing /srv/shared/code/neutron/apps/evm_wallet/.mops/_github/core#v2.6.0/src/pure/Map.mo
Processing /srv/shared/code/neutron/apps/evm_wallet/.mops/_github/core#v2.6.0/src/Order.mo
Processing /srv/shared/code/neutron/apps/evm_wallet/.mops/_github/core#v2.6.0/src/Iter.mo
Processing /srv/shared/code/neutron/apps/evm_wallet/.mops/_github/core#v2.6.0/src/Array.mo
Processing /srv/shared/code/neutron/apps/evm_wallet/.mops/_github/core#v2.6.0/src/Order.mo
Processing /srv/shared/code/neutron/apps/evm_wallet/.mops/_github/core#v2.6.0/src/VarArray.mo
Processing /srv/shared/code/neutron/apps/evm_wallet/.mops/_github/core#v2.6.0/src/Option.mo
Processing /srv/shared/code/neutron/apps/evm_wallet/.mops/_github/core#v2.6.0/src/Types.mo
Processing /srv/shared/code/neutron/apps/evm_wallet/.mops/_github/core#v2.6.0/src/Order.mo
Processing /srv/shared/code/neutron/apps/evm_wallet/.mops/_github/core#v2.6.0/src/Runtime.mo
Processing /srv/shared/code/neutron/apps/evm_wallet/.mops/_github/core#v2.6.0/src/Types.mo
Processing /srv/shared/code/neutron/apps/evm_wallet/.mops/_github/core#v2.6.0/src/VarArray.mo
Processing /srv/shared/code/neutron/apps/evm_wallet/.mops/_github/core#v2.6.0/src/Types.mo
Processing /srv/shared/code/neutron/apps/evm_wallet/.mops/_github/core#v2.6.0/src/Runtime.mo
Processing /srv/shared/code/neutron/apps/evm_wallet/.mops/_github/core#v2.6.0/src/Types.mo
Processing /srv/shared/code/neutron/apps/evm_wallet/.mops/_github/core#v2.6.0/src/Iter.mo
Processing /srv/shared/code/neutron/apps/evm_wallet/.mops/_github/core#v2.6.0/src/Order.mo
Processing /srv/shared/code/neutron/apps/evm_wallet/.mops/_github/core#v2.6.0/src/VarArray.mo
Processing /srv/shared/code/neutron/apps/evm_wallet/.mops/_github/core#v2.6.0/src/Runtime.mo
Processing /srv/shared/code/neutron/apps/evm_wallet/.mops/_github/core#v2.6.0/src/Stack.mo
Processing /srv/shared/code/neutron/apps/evm_wallet/.mops/_github/core#v2.6.0/src/Order.mo
Processing /srv/shared/code/neutron/apps/evm_wallet/.mops/_github/core#v2.6.0/src/Iter.mo
Processing /srv/shared/code/neutron/apps/evm_wallet/.mops/_github/core#v2.6.0/src/Types.mo
Processing /srv/shared/code/neutron/apps/evm_wallet/.mops/_github/core#v2.6.0/src/pure/List.mo
Processing /srv/shared/code/neutron/apps/evm_wallet/.mops/_github/core#v2.6.0/src/Array.mo
Processing /srv/shared/code/neutron/apps/evm_wallet/.mops/_github/core#v2.6.0/src/VarArray.mo
Processing /srv/shared/code/neutron/apps/evm_wallet/.mops/_github/core#v2.6.0/src/Iter.mo
Processing /srv/shared/code/neutron/apps/evm_wallet/.mops/_github/core#v2.6.0/src/Order.mo
Processing /srv/shared/code/neutron/apps/evm_wallet/.mops/_github/core#v2.6.0/src/Result.mo
Processing /srv/shared/code/neutron/apps/evm_wallet/.mops/_github/core#v2.6.0/src/Runtime.mo
Processing /srv/shared/code/neutron/apps/evm_wallet/.mops/_github/core#v2.6.0/src/Types.mo
Processing /srv/shared/code/neutron/apps/evm_wallet/.mops/_github/core#v2.6.0/src/Runtime.mo
Processing /srv/shared/code/neutron/apps/evm_wallet/.mops/_github/core#v2.6.0/src/Option.mo
Processing /srv/shared/code/neutron/apps/evm_wallet/.mops/_github/core#v2.6.0/src/internal/BTreeHelper.mo
Processing /srv/shared/code/neutron/apps/evm_wallet/.mops/_github/core#v2.6.0/src/VarArray.mo
Processing /srv/shared/code/neutron/apps/evm_wallet/.mops/_github/core#v2.6.0/src/Runtime.mo
Processing .mops/_github/core#v2.6.0/src/Nat.mo
Processing /srv/shared/code/neutron/apps/evm_wallet/.mops/_github/core#v2.6.0/src/Int.mo
Processing /srv/shared/code/neutron/apps/evm_wallet/.mops/_github/core#v2.6.0/src/Char.mo
Processing /srv/shared/code/neutron/apps/evm_wallet/.mops/_github/core#v2.6.0/src/Runtime.mo
Processing /srv/shared/code/neutron/apps/evm_wallet/.mops/_github/core#v2.6.0/src/Iter.mo
Processing /srv/shared/code/neutron/apps/evm_wallet/.mops/_github/core#v2.6.0/src/Order.mo
Processing /srv/shared/code/neutron/apps/evm_wallet/.mops/_github/core#v2.6.0/src/Char.mo
Processing /srv/shared/code/neutron/apps/evm_wallet/.mops/_github/core#v2.6.0/src/Iter.mo
Processing /srv/shared/code/neutron/apps/evm_wallet/.mops/_github/core#v2.6.0/src/Runtime.mo
Processing /srv/shared/code/neutron/apps/evm_wallet/.mops/_github/core#v2.6.0/src/Order.mo
Processing .mops/_github/core#v2.6.0/src/Nat8.mo
Processing /srv/shared/code/neutron/apps/evm_wallet/.mops/_github/core#v2.6.0/src/Nat.mo
Processing /srv/shared/code/neutron/apps/evm_wallet/.mops/_github/core#v2.6.0/src/Int.mo
Processing /srv/shared/code/neutron/apps/evm_wallet/.mops/_github/core#v2.6.0/src/Char.mo
Processing /srv/shared/code/neutron/apps/evm_wallet/.mops/_github/core#v2.6.0/src/Iter.mo
Processing /srv/shared/code/neutron/apps/evm_wallet/.mops/_github/core#v2.6.0/src/Runtime.mo
Processing /srv/shared/code/neutron/apps/evm_wallet/.mops/_github/core#v2.6.0/src/Order.mo
Processing /srv/shared/code/neutron/apps/evm_wallet/.mops/_github/core#v2.6.0/src/Iter.mo
Processing /srv/shared/code/neutron/apps/evm_wallet/.mops/_github/core#v2.6.0/src/Order.mo
Processing .mops/_github/core#v2.6.0/src/Set.mo
Processing /srv/shared/code/neutron/apps/evm_wallet/.mops/_github/core#v2.6.0/src/pure/Set.mo
Processing /srv/shared/code/neutron/apps/evm_wallet/.mops/_github/core#v2.6.0/src/Runtime.mo
Processing /srv/shared/code/neutron/apps/evm_wallet/.mops/_github/core#v2.6.0/src/List.mo
Processing /srv/shared/code/neutron/apps/evm_wallet/.mops/_github/core#v2.6.0/src/pure/List.mo
Processing /srv/shared/code/neutron/apps/evm_wallet/.mops/_github/core#v2.6.0/src/Nat32.mo
Processing /srv/shared/code/neutron/apps/evm_wallet/.mops/_github/core#v2.6.0/src/Nat.mo
Processing /srv/shared/code/neutron/apps/evm_wallet/.mops/_github/core#v2.6.0/src/Iter.mo
Processing /srv/shared/code/neutron/apps/evm_wallet/.mops/_github/core#v2.6.0/src/Order.mo
Processing /srv/shared/code/neutron/apps/evm_wallet/.mops/_github/core#v2.6.0/src/Array.mo
Processing /srv/shared/code/neutron/apps/evm_wallet/.mops/_github/core#v2.6.0/src/Nat.mo
Processing /srv/shared/code/neutron/apps/evm_wallet/.mops/_github/core#v2.6.0/src/Option.mo
Processing /srv/shared/code/neutron/apps/evm_wallet/.mops/_github/core#v2.6.0/src/VarArray.mo
Processing /srv/shared/code/neutron/apps/evm_wallet/.mops/_github/core#v2.6.0/src/Types.mo
Processing /srv/shared/code/neutron/apps/evm_wallet/.mops/_github/core#v2.6.0/src/Iter.mo
Processing /srv/shared/code/neutron/apps/evm_wallet/.mops/_github/core#v2.6.0/src/Types.mo
Processing /srv/shared/code/neutron/apps/evm_wallet/.mops/_github/core#v2.6.0/src/Nat.mo
Processing /srv/shared/code/neutron/apps/evm_wallet/.mops/_github/core#v2.6.0/src/Order.mo
Processing /srv/shared/code/neutron/apps/evm_wallet/.mops/_github/core#v2.6.0/src/Types.mo
Processing /srv/shared/code/neutron/apps/evm_wallet/.mops/_github/core#v2.6.0/src/Order.mo
Processing /srv/shared/code/neutron/apps/evm_wallet/.mops/_github/core#v2.6.0/src/VarArray.mo
Processing /srv/shared/code/neutron/apps/evm_wallet/.mops/_github/core#v2.6.0/src/Runtime.mo
Processing /srv/shared/code/neutron/apps/evm_wallet/.mops/_github/core#v2.6.0/src/Stack.mo
Processing /srv/shared/code/neutron/apps/evm_wallet/.mops/_github/core#v2.6.0/src/Option.mo
Processing /srv/shared/code/neutron/apps/evm_wallet/.mops/_github/core#v2.6.0/src/Iter.mo
Processing /srv/shared/code/neutron/apps/evm_wallet/.mops/_github/core#v2.6.0/src/internal/BTreeHelper.mo
Processing .mops/_github/core#v2.6.0/src/Text.mo
Processing /srv/shared/code/neutron/apps/evm_wallet/.mops/_github/core#v2.6.0/src/Char.mo
Processing /srv/shared/code/neutron/apps/evm_wallet/.mops/_github/core#v2.6.0/src/Iter.mo
Processing /srv/shared/code/neutron/apps/evm_wallet/.mops/_github/core#v2.6.0/src/Stack.mo
Processing /srv/shared/code/neutron/apps/evm_wallet/.mops/_github/core#v2.6.0/src/Types.mo
Processing /srv/shared/code/neutron/apps/evm_wallet/.mops/_github/core#v2.6.0/src/Order.mo
Processing .mops/_github/core#v2.6.0/src/Time.mo
Processing /srv/shared/code/neutron/apps/evm_wallet/.mops/_github/core#v2.6.0/src/Types.mo
Processing /srv/shared/code/neutron/apps/evm_wallet/.mops/_github/core#v2.6.0/src/Nat.mo
Processing ../../packages/neutron-motoko-capabilities/src/lib.mo
Processing /srv/shared/code/neutron/apps/evm_wallet/backend/Config.mo
Processing .mops/_github/core#v2.6.0/src/Array.mo
Processing .mops/_github/core#v2.6.0/src/Map.mo
Processing .mops/_github/core#v2.6.0/src/Nat.mo
Processing .mops/_github/core#v2.6.0/src/Text.mo
Processing /srv/shared/code/neutron/apps/evm_wallet/backend/memory/evm_wallet/v1.mo
Processing .mops/_github/core#v2.6.0/src/Map.mo
Processing /srv/shared/code/neutron/apps/evm_wallet/backend/Journal.mo
Processing .mops/_github/core#v2.6.0/src/Array.mo
Processing .mops/_github/core#v2.6.0/src/List.mo
Processing /srv/shared/code/neutron/apps/evm_wallet/.mops/_github/core#v2.6.0/src/pure/List.mo
Processing /srv/shared/code/neutron/apps/evm_wallet/.mops/_github/core#v2.6.0/src/Nat32.mo
Processing /srv/shared/code/neutron/apps/evm_wallet/.mops/_github/core#v2.6.0/src/Array.mo
Processing /srv/shared/code/neutron/apps/evm_wallet/.mops/_github/core#v2.6.0/src/Nat.mo
Processing /srv/shared/code/neutron/apps/evm_wallet/.mops/_github/core#v2.6.0/src/Option.mo
Processing /srv/shared/code/neutron/apps/evm_wallet/.mops/_github/core#v2.6.0/src/VarArray.mo
Processing /srv/shared/code/neutron/apps/evm_wallet/.mops/_github/core#v2.6.0/src/Types.mo
Processing .mops/_github/core#v2.6.0/src/Map.mo
Processing .mops/_github/core#v2.6.0/src/Nat.mo
Processing .mops/_github/core#v2.6.0/src/Text.mo
Processing /srv/shared/code/neutron/apps/evm_wallet/backend/evm/Hex.mo
Processing .mops/_github/core#v2.6.0/src/Array.mo
Processing .mops/_github/core#v2.6.0/src/Blob.mo
Processing .mops/_github/core#v2.6.0/src/Char.mo
Processing .mops/_github/core#v2.6.0/src/List.mo
Processing .mops/_github/core#v2.6.0/src/Nat8.mo
Processing .mops/_github/core#v2.6.0/src/Nat32.mo
Processing /srv/shared/code/neutron/apps/evm_wallet/.mops/_github/core#v2.6.0/src/Nat.mo
Processing /srv/shared/code/neutron/apps/evm_wallet/.mops/_github/core#v2.6.0/src/Iter.mo
Processing /srv/shared/code/neutron/apps/evm_wallet/.mops/_github/core#v2.6.0/src/Order.mo
Processing .mops/_github/core#v2.6.0/src/Result.mo
Processing /srv/shared/code/neutron/apps/evm_wallet/.mops/_github/core#v2.6.0/src/Order.mo
Processing /srv/shared/code/neutron/apps/evm_wallet/.mops/_github/core#v2.6.0/src/Types.mo
Processing .mops/_github/core#v2.6.0/src/Text.mo
Processing /srv/shared/code/neutron/apps/evm_wallet/backend/memory/evm_wallet/v1.mo
Processing /srv/shared/code/neutron/apps/evm_wallet/backend/Types.mo
Processing /srv/shared/code/neutron/apps/evm_wallet/backend/memory/evm_wallet/v1.mo
Processing /srv/shared/code/neutron/apps/evm_wallet/backend/memory/evm_evidence/v1.mo
Processing .mops/_github/core#v2.6.0/src/Map.mo
Processing /srv/shared/code/neutron/apps/evm_wallet/backend/memory/evm_wallet/v1.mo
Processing /srv/shared/code/neutron/apps/evm_wallet/backend/memory/evm_evidence/v1.mo
Processing /srv/shared/code/neutron/apps/evm_wallet/backend/token/Evidence.mo
Processing .mops/_github/core#v2.6.0/src/Map.mo
Processing .mops/_github/core#v2.6.0/src/Nat.mo
Processing .mops/_github/core#v2.6.0/src/Result.mo
Processing .mops/_github/core#v2.6.0/src/Text.mo
Processing .mops/_github/core#v2.6.0/src/Time.mo
Processing /srv/shared/code/neutron/apps/evm_wallet/backend/memory/evm_evidence/v1.mo
Processing /srv/shared/code/neutron/apps/evm_wallet/backend/memory/evm_wallet/v1.mo
Processing /srv/shared/code/neutron/apps/evm_wallet/backend/token/Decode.mo
Processing .mops/_github/core#v2.6.0/src/Array.mo
Processing .mops/_github/core#v2.6.0/src/Blob.mo
Processing .mops/_github/core#v2.6.0/src/Text.mo
Processing /srv/shared/code/neutron/apps/evm_wallet/backend/evm/Hex.mo
Processing /srv/shared/code/neutron/apps/evm_wallet/backend/evm/Hex.mo
Processing /srv/shared/code/neutron/apps/evm_wallet/backend/rpc/Json.mo
Processing .mops/_github/core#v2.6.0/src/Array.mo
Processing .mops/_github/core#v2.6.0/src/Char.mo
Processing .mops/_github/core#v2.6.0/src/Float.mo
Processing /srv/shared/code/neutron/apps/evm_wallet/.mops/_github/core#v2.6.0/src/Int.mo
Processing /srv/shared/code/neutron/apps/evm_wallet/.mops/_github/core#v2.6.0/src/Order.mo
Processing .mops/_github/core#v2.6.0/src/List.mo
Processing .mops/_github/core#v2.6.0/src/Map.mo
Processing .mops/_github/core#v2.6.0/src/Nat32.mo
Processing .mops/_github/core#v2.6.0/src/Text.mo
Processing .mops/json@1.4.0/src/lib.mo
Processing /srv/shared/code/neutron/apps/evm_wallet/.mops/json@1.4.0/src/Lexer.mo
Processing /srv/shared/code/neutron/apps/evm_wallet/.mops/json@1.4.0/src/Types.mo
Processing .mops/base@0.16.0/src/Text.mo
Processing /srv/shared/code/neutron/apps/evm_wallet/.mops/base@0.16.0/src/Char.mo
Processing /srv/shared/code/neutron/apps/evm_wallet/.mops/base@0.16.0/src/Iter.mo
Processing /srv/shared/code/neutron/apps/evm_wallet/.mops/base@0.16.0/src/Array.mo
Processing /srv/shared/code/neutron/apps/evm_wallet/.mops/base@0.16.0/src/IterType.mo
Processing /srv/shared/code/neutron/apps/evm_wallet/.mops/base@0.16.0/src/Option.mo
Processing /srv/shared/code/neutron/apps/evm_wallet/.mops/base@0.16.0/src/Prelude.mo
Processing /srv/shared/code/neutron/apps/evm_wallet/.mops/base@0.16.0/src/Debug.mo
Processing /srv/shared/code/neutron/apps/evm_wallet/.mops/base@0.16.0/src/Order.mo
Processing /srv/shared/code/neutron/apps/evm_wallet/.mops/base@0.16.0/src/Result.mo
Processing /srv/shared/code/neutron/apps/evm_wallet/.mops/base@0.16.0/src/Prelude.mo
Processing /srv/shared/code/neutron/apps/evm_wallet/.mops/base@0.16.0/src/Order.mo
Processing /srv/shared/code/neutron/apps/evm_wallet/.mops/base@0.16.0/src/Buffer.mo
Processing /srv/shared/code/neutron/apps/evm_wallet/.mops/base@0.16.0/src/Result.mo
Processing /srv/shared/code/neutron/apps/evm_wallet/.mops/base@0.16.0/src/Order.mo
Processing /srv/shared/code/neutron/apps/evm_wallet/.mops/base@0.16.0/src/Array.mo
Processing /srv/shared/code/neutron/apps/evm_wallet/.mops/base@0.16.0/src/List.mo
Processing /srv/shared/code/neutron/apps/evm_wallet/.mops/base@0.16.0/src/Array.mo
Processing /srv/shared/code/neutron/apps/evm_wallet/.mops/base@0.16.0/src/IterType.mo
Processing /srv/shared/code/neutron/apps/evm_wallet/.mops/base@0.16.0/src/Option.mo
Processing /srv/shared/code/neutron/apps/evm_wallet/.mops/base@0.16.0/src/Order.mo
Processing /srv/shared/code/neutron/apps/evm_wallet/.mops/base@0.16.0/src/Result.mo
Processing /srv/shared/code/neutron/apps/evm_wallet/.mops/base@0.16.0/src/Order.mo
Processing /srv/shared/code/neutron/apps/evm_wallet/.mops/base@0.16.0/src/Hash.mo
Processing /srv/shared/code/neutron/apps/evm_wallet/.mops/base@0.16.0/src/Iter.mo
Processing /srv/shared/code/neutron/apps/evm_wallet/.mops/base@0.16.0/src/List.mo
Processing /srv/shared/code/neutron/apps/evm_wallet/.mops/base@0.16.0/src/Stack.mo
Processing /srv/shared/code/neutron/apps/evm_wallet/.mops/base@0.16.0/src/List.mo
Processing .mops/base@0.16.0/src/Char.mo
Processing .mops/base@0.16.0/src/Int.mo
Processing /srv/shared/code/neutron/apps/evm_wallet/.mops/base@0.16.0/src/Prelude.mo
Processing /srv/shared/code/neutron/apps/evm_wallet/.mops/base@0.16.0/src/Hash.mo
Processing .mops/base@0.16.0/src/Int32.mo
Processing /srv/shared/code/neutron/apps/evm_wallet/.mops/base@0.16.0/src/Int.mo
Processing /srv/shared/code/neutron/apps/evm_wallet/.mops/base@0.16.0/src/Prelude.mo
Processing /srv/shared/code/neutron/apps/evm_wallet/.mops/base@0.16.0/src/Hash.mo
Processing .mops/base@0.16.0/src/Float.mo
Processing /srv/shared/code/neutron/apps/evm_wallet/.mops/base@0.16.0/src/Int.mo
Processing .mops/base@0.16.0/src/Bool.mo
Processing .mops/base@0.16.0/src/Iter.mo
Processing /srv/shared/code/neutron/apps/evm_wallet/.mops/base@0.16.0/src/Array.mo
Processing /srv/shared/code/neutron/apps/evm_wallet/.mops/base@0.16.0/src/Buffer.mo
Processing /srv/shared/code/neutron/apps/evm_wallet/.mops/base@0.16.0/src/List.mo
Processing /srv/shared/code/neutron/apps/evm_wallet/.mops/base@0.16.0/src/Order.mo
Processing .mops/base@0.16.0/src/Array.mo
Processing /srv/shared/code/neutron/apps/evm_wallet/.mops/base@0.16.0/src/IterType.mo
Processing /srv/shared/code/neutron/apps/evm_wallet/.mops/base@0.16.0/src/Option.mo
Processing /srv/shared/code/neutron/apps/evm_wallet/.mops/base@0.16.0/src/Order.mo
Processing /srv/shared/code/neutron/apps/evm_wallet/.mops/base@0.16.0/src/Result.mo
Processing .mops/base@0.16.0/src/Buffer.mo
Processing /srv/shared/code/neutron/apps/evm_wallet/.mops/base@0.16.0/src/Result.mo
Processing /srv/shared/code/neutron/apps/evm_wallet/.mops/base@0.16.0/src/Order.mo
Processing /srv/shared/code/neutron/apps/evm_wallet/.mops/base@0.16.0/src/Array.mo
Processing .mops/base@0.16.0/src/Nat32.mo
Processing /srv/shared/code/neutron/apps/evm_wallet/.mops/base@0.16.0/src/Nat.mo
Processing /srv/shared/code/neutron/apps/evm_wallet/.mops/base@0.16.0/src/Int.mo
Processing /srv/shared/code/neutron/apps/evm_wallet/.mops/base@0.16.0/src/Order.mo
Processing /srv/shared/code/neutron/apps/evm_wallet/.mops/base@0.16.0/src/Char.mo
Processing /srv/shared/code/neutron/apps/evm_wallet/.mops/json@1.4.0/src/Cursor.mo
Processing .mops/base@0.16.0/src/Text.mo
Processing .mops/base@0.16.0/src/Debug.mo
Processing .mops/base@0.16.0/src/Nat.mo
Processing /srv/shared/code/neutron/apps/evm_wallet/.mops/base@0.16.0/src/Int.mo
Processing /srv/shared/code/neutron/apps/evm_wallet/.mops/base@0.16.0/src/Order.mo
Processing /srv/shared/code/neutron/apps/evm_wallet/.mops/base@0.16.0/src/Char.mo
Processing .mops/base@0.16.0/src/Array.mo
Processing .mops/base@0.16.0/src/Buffer.mo
Processing .mops/base@0.16.0/src/Char.mo
Processing .mops/base@0.16.0/src/Text.mo
Processing .mops/base@0.16.0/src/Nat32.mo
Processing .mops/base@0.16.0/src/Iter.mo
Processing .mops/base@0.16.0/src/Result.mo
Processing /srv/shared/code/neutron/apps/evm_wallet/.mops/base@0.16.0/src/Prelude.mo
Processing /srv/shared/code/neutron/apps/evm_wallet/.mops/base@0.16.0/src/Order.mo
Processing .mops/xtended-numbers@0.3.1/src/NatX.mo
Processing .mops/base@0.16.0/src/Buffer.mo
Processing .mops/base@0.16.0/src/Text.mo
Processing .mops/base@0.16.0/src/Iter.mo
Processing .mops/base@0.16.0/src/Nat.mo
Processing .mops/base@0.16.0/src/Nat16.mo
Processing /srv/shared/code/neutron/apps/evm_wallet/.mops/base@0.16.0/src/Nat.mo
Processing .mops/base@0.16.0/src/Nat32.mo
Processing .mops/base@0.16.0/src/Nat64.mo
Processing /srv/shared/code/neutron/apps/evm_wallet/.mops/base@0.16.0/src/Nat.mo
Processing .mops/base@0.16.0/src/Nat8.mo
Processing /srv/shared/code/neutron/apps/evm_wallet/.mops/base@0.16.0/src/Nat.mo
Processing /srv/shared/code/neutron/apps/evm_wallet/.mops/xtended-numbers@0.3.1/src/Util.mo
Processing .mops/base@0.16.0/src/Array.mo
Processing .mops/base@0.16.0/src/Buffer.mo
Processing .mops/base@0.16.0/src/Char.mo
Processing .mops/base@0.16.0/src/Int.mo
Processing .mops/base@0.16.0/src/Iter.mo
Processing .mops/base@0.16.0/src/Nat8.mo
Processing .mops/base@0.16.0/src/Text.mo
Processing .mops/base@0.16.0/src/Prelude.mo
Processing /srv/shared/code/neutron/apps/evm_wallet/.mops/base@0.16.0/src/Debug.mo
Processing /srv/shared/code/neutron/apps/evm_wallet/.mops/json@1.4.0/src/Parser.mo
Processing /srv/shared/code/neutron/apps/evm_wallet/.mops/json@1.4.0/src/Types.mo
Processing .mops/base@0.16.0/src/Result.mo
Processing .mops/base@0.16.0/src/Array.mo
Processing .mops/base@0.16.0/src/Buffer.mo
Processing .mops/base@0.16.0/src/Text.mo
Processing .mops/base@0.16.0/src/Nat.mo
Processing /srv/shared/code/neutron/apps/evm_wallet/.mops/json@1.4.0/src/Types.mo
Processing .mops/base@0.16.0/src/Result.mo
Processing .mops/base@0.16.0/src/Text.mo
Processing .mops/base@0.16.0/src/Int.mo
Processing .mops/base@0.16.0/src/Float.mo
Processing /srv/shared/code/neutron/apps/evm_wallet/backend/ReplacementProof.mo
Processing .mops/_github/core#v2.6.0/src/Map.mo
Processing /srv/shared/code/neutron/apps/evm_wallet/backend/Journal.mo
Processing /srv/shared/code/neutron/apps/evm_wallet/backend/memory/evm_wallet/v1.mo
Processing /srv/shared/code/neutron/apps/evm_wallet/backend/BrowserObservations.mo
Processing .mops/_github/core#v2.6.0/src/Text.mo
Processing /srv/shared/code/neutron/apps/evm_wallet/backend/evm/Hex.mo
Processing /srv/shared/code/neutron/apps/evm_wallet/backend/evm/Keccak.mo
Processing .mops/_github/core#v2.6.0/src/Array.mo
Processing .mops/_github/core#v2.6.0/src/Blob.mo
Processing .mops/_github/core#v2.6.0/src/Nat8.mo
Processing .mops/_github/core#v2.6.0/src/Nat64.mo
Processing /srv/shared/code/neutron/apps/evm_wallet/.mops/_github/core#v2.6.0/src/Nat.mo
Processing /srv/shared/code/neutron/apps/evm_wallet/.mops/_github/core#v2.6.0/src/Iter.mo
Processing /srv/shared/code/neutron/apps/evm_wallet/.mops/_github/core#v2.6.0/src/Order.mo
Processing .mops/_github/core#v2.6.0/src/VarArray.mo
Processing /srv/shared/code/neutron/apps/evm_wallet/.mops/_github/core#v2.6.0/src/Types.mo
Processing /srv/shared/code/neutron/apps/evm_wallet/.mops/_github/core#v2.6.0/src/Order.mo
Processing /srv/shared/code/neutron/apps/evm_wallet/.mops/_github/core#v2.6.0/src/Result.mo
Processing /srv/shared/code/neutron/apps/evm_wallet/.mops/_github/core#v2.6.0/src/Option.mo
Processing /srv/shared/code/neutron/apps/evm_wallet/.mops/_github/core#v2.6.0/src/internal/SortHelper.mo
Processing /srv/shared/code/neutron/apps/evm_wallet/backend/rpc/Json.mo
Processing /srv/shared/code/neutron/apps/evm_wallet/backend/memory/evm_wallet/v1.mo
Processing /srv/shared/code/neutron/apps/evm_wallet/backend/Types.mo
Processing /srv/shared/code/neutron/apps/evm_wallet/backend/Types.mo
Processing /srv/shared/code/neutron/apps/evm_wallet/backend/evm/Hex.mo
Processing /srv/shared/code/neutron/apps/evm_wallet/backend/evm/Personal.mo
Processing .mops/_github/core#v2.6.0/src/Blob.mo
Processing .mops/_github/core#v2.6.0/src/Nat.mo
Processing .mops/_github/core#v2.6.0/src/Text.mo
Processing /srv/shared/code/neutron/apps/evm_wallet/backend/evm/Hex.mo
Processing /srv/shared/code/neutron/apps/evm_wallet/backend/evm/Keccak.mo
Processing /srv/shared/code/neutron/apps/evm_wallet/backend/evm/Eip712.mo
Processing .mops/_github/core#v2.6.0/src/Array.mo
Processing .mops/_github/core#v2.6.0/src/Blob.mo
Processing .mops/_github/core#v2.6.0/src/Char.mo
Processing .mops/_github/core#v2.6.0/src/Int.mo
Processing /srv/shared/code/neutron/apps/evm_wallet/.mops/_github/core#v2.6.0/src/Char.mo
Processing /srv/shared/code/neutron/apps/evm_wallet/.mops/_github/core#v2.6.0/src/Runtime.mo
Processing /srv/shared/code/neutron/apps/evm_wallet/.mops/_github/core#v2.6.0/src/Iter.mo
Processing /srv/shared/code/neutron/apps/evm_wallet/.mops/_github/core#v2.6.0/src/Order.mo
Processing .mops/_github/core#v2.6.0/src/List.mo
Processing .mops/_github/core#v2.6.0/src/Nat.mo
Processing .mops/_github/core#v2.6.0/src/Nat32.mo
Processing .mops/_github/core#v2.6.0/src/Result.mo
Processing .mops/_github/core#v2.6.0/src/Text.mo
Processing /srv/shared/code/neutron/apps/evm_wallet/backend/evm/Hex.mo
Processing /srv/shared/code/neutron/apps/evm_wallet/backend/evm/Keccak.mo
Processing /srv/shared/code/neutron/apps/evm_wallet/backend/evm/Secp256k1.mo
Processing .mops/_github/core#v2.6.0/src/Array.mo
Processing .mops/_github/core#v2.6.0/src/Blob.mo
Processing .mops/_github/core#v2.6.0/src/Nat8.mo
Processing .mops/_github/core#v2.6.0/src/Result.mo
Processing /srv/shared/code/neutron/apps/evm_wallet/backend/evm/Hex.mo
Processing /srv/shared/code/neutron/apps/evm_wallet/backend/evm/Keccak.mo
Processing /srv/shared/code/neutron/apps/evm_wallet/backend/evm/Transaction.mo
Processing .mops/_github/core#v2.6.0/src/Array.mo
Processing .mops/_github/core#v2.6.0/src/Blob.mo
Processing .mops/_github/core#v2.6.0/src/List.mo
Processing .mops/_github/core#v2.6.0/src/Result.mo
Processing /srv/shared/code/neutron/apps/evm_wallet/backend/evm/Hex.mo
Processing /srv/shared/code/neutron/apps/evm_wallet/backend/evm/Keccak.mo
Processing /srv/shared/code/neutron/apps/evm_wallet/backend/evm/Rlp.mo
Processing .mops/_github/core#v2.6.0/src/Blob.mo
Processing .mops/_github/core#v2.6.0/src/Nat8.mo
Processing .mops/_github/core#v2.6.0/src/List.mo
Processing /srv/shared/code/neutron/apps/evm_wallet/backend/evm/Hex.mo
app entry: 7f96429cd0bddc675bd34be3cb54fcc483093a0228e8b922c30b2bc881340348
Processing /srv/shared/code/neutron/apps/evm_wallet/backend/memory/evm_wallet/v1.mo
memory evm_wallet schema v1: 5f59b07b82a1ee1e57f285bc160ae758d10f5944b7e7e152a509691d686fadf4
Processing /srv/shared/code/neutron/apps/evm_wallet/backend/memory/evm_evidence/v1.mo
memory evm_evidence schema v1: 18f54fa7e9064356471adb450971d8d1ccc803f0dda6545ce8ab4ce8910c6bf6

> neutron-evm-wallet@1.0.0 schema
> bun ../../packages/neutron-scripts/src/method_schema.ts


> neutron-evm-wallet@1.0.0 package:metadata
> bun ../../packages/neutron-scripts/src/package_metadata.ts


Size: 582768
Writing: evm_wallet.v0.1.10.neutron
