Checking agent
Checking blast
Checking chess
Checking contacts
Checking evm_wallet
Checking files
Checking gemma
Checking hello
Checking hullshift
Checking jetcreeper
Checking kernel
Checking kitchensink
Checking mail
Checking mysubnet
Checking spreadsheet
Checking uniswap
Checking wagyu
Checking wallet
Uploading source evm_wallet
Uploading package evm_wallet
Uploading release evm_wallet
Uploading source uniswap
Uploading package uniswap
Uploading release uniswap
Committing atomic batch 61
Verifying agent
Verifying blast
Verifying chess
Verifying contacts
Verifying evm_wallet
Verifying files
Verifying gemma
Verifying hello
Verifying hullshift
Verifying jetcreeper
Verifying kernel
Verifying kitchensink
Verifying mail
Verifying mysubnet
Verifying spreadsheet
Verifying uniswap
Verifying wagyu
Verifying wallet
