npm warn deprecated uuid@8.3.2: uuid@10 and below is no longer supported.  For ESM codebases, update to uuid@latest.  For CommonJS codebases, use uuid@11 (but be aware this version will likely be deprecated in 2028).
npm warn deprecated @uniswap/swap-router-contracts@1.3.1: Package no longer supported. Contact Support at https://www.npmjs.com/support for more info.
npm warn deprecated glob@10.5.0: Old versions of glob are not supported, and contain widely publicized security vulnerabilities, which have been fixed in the current version. Please update. Support for old versions may be purchased (at exorbitant rates) by contacting i@izs.me

added 594 packages in 9s
This version of µWS is not compatible with your Node.js build:

ResolveMessage: Cannot find module '../binaries/uws_linux_x64_127.node' from '/tmp/neutron-uniswap-fixture.hDAw56/node_modules/ganache/node_modules/@trufflesuite/uws-js-unofficial/src/uws.js'
Falling back to a NodeJS implementation; performance may be degraded.


1: ETH -> A: quote, allowance, slippage revert, deadline revert and actual output passed
1: A -> B: quote, allowance, slippage revert, deadline revert and actual output passed
1: A -> ETH: quote, allowance, slippage revert, deadline revert and actual output passed
42161: ETH -> A: quote, allowance, slippage revert, deadline revert and actual output passed
42161: A -> B: quote, allowance, slippage revert, deadline revert and actual output passed
42161: A -> ETH: quote, allowance, slippage revert, deadline revert and actual output passed
Real Uniswap V3 contract fixture passed for Ethereum and Arbitrum configurations.
Compiling pinned Universal Router 2.1.1 and Permit2 for the disposable local EVM.
1: V4 A/B: mint, exact-budget approvals, both swap directions, slippage/deadline reverts, fee-credit increase, partial remove, collect and close passed
1: V4 ETH/A: mint, exact-budget approvals, both swap directions, slippage/deadline reverts, fee-credit increase, partial remove, collect and close passed
1: V3 A/B: app mint, swap fees, increase, remove-and-collect, native unwrap, collect and close passed
1: V3 ETH/A: app mint, swap fees, increase, remove-and-collect, native unwrap, collect and close passed
42161: V4 A/B: mint, exact-budget approvals, both swap directions, slippage/deadline reverts, fee-credit increase, partial remove, collect and close passed
42161: V4 ETH/A: mint, exact-budget approvals, both swap directions, slippage/deadline reverts, fee-credit increase, partial remove, collect and close passed
42161: V3 A/B: app mint, swap fees, increase, remove-and-collect, native unwrap, collect and close passed
42161: V3 ETH/A: app mint, swap fees, increase, remove-and-collect, native unwrap, collect and close passed
Official V4 contracts and Universal Router 2.1.1 fixture passed for Ethereum and Arbitrum configurations.
