Processing /srv/shared/code/neutron/apps/wallet/test/motoko/transfer_main_test.mo
Processing /srv/shared/code/neutron/apps/wallet/backend/memory/wallet_bridge_provider/v1.mo
Processing .mops/_github/core#v2.6.0/src/Map.mo
Processing /srv/shared/code/neutron/apps/wallet/.mops/_github/core#v2.6.0/src/pure/Map.mo
Processing /srv/shared/code/neutron/apps/wallet/.mops/_github/core#v2.6.0/src/Order.mo
Processing /srv/shared/code/neutron/apps/wallet/.mops/_github/core#v2.6.0/src/Types.mo
Processing /srv/shared/code/neutron/apps/wallet/.mops/_github/core#v2.6.0/src/Iter.mo
Processing /srv/shared/code/neutron/apps/wallet/.mops/_github/core#v2.6.0/src/Array.mo
Processing /srv/shared/code/neutron/apps/wallet/.mops/_github/core#v2.6.0/src/Order.mo
Processing /srv/shared/code/neutron/apps/wallet/.mops/_github/core#v2.6.0/src/VarArray.mo
Processing /srv/shared/code/neutron/apps/wallet/.mops/_github/core#v2.6.0/src/Types.mo
Processing /srv/shared/code/neutron/apps/wallet/.mops/_github/core#v2.6.0/src/Order.mo
Processing /srv/shared/code/neutron/apps/wallet/.mops/_github/core#v2.6.0/src/Result.mo
Processing /srv/shared/code/neutron/apps/wallet/.mops/_github/core#v2.6.0/src/Order.mo
Processing /srv/shared/code/neutron/apps/wallet/.mops/_github/core#v2.6.0/src/Types.mo
Processing /srv/shared/code/neutron/apps/wallet/.mops/_github/core#v2.6.0/src/Option.mo
Processing /srv/shared/code/neutron/apps/wallet/.mops/_github/core#v2.6.0/src/Runtime.mo
Processing /srv/shared/code/neutron/apps/wallet/.mops/_github/core#v2.6.0/src/Types.mo
Processing /srv/shared/code/neutron/apps/wallet/.mops/_github/core#v2.6.0/src/internal/SortHelper.mo
Processing /srv/shared/code/neutron/apps/wallet/.mops/_github/core#v2.6.0/src/Runtime.mo
Processing /srv/shared/code/neutron/apps/wallet/.mops/_github/core#v2.6.0/src/Order.mo
Processing /srv/shared/code/neutron/apps/wallet/.mops/_github/core#v2.6.0/src/Option.mo
Processing /srv/shared/code/neutron/apps/wallet/.mops/_github/core#v2.6.0/src/Types.mo
Processing /srv/shared/code/neutron/apps/wallet/.mops/_github/core#v2.6.0/src/Order.mo
Processing /srv/shared/code/neutron/apps/wallet/.mops/_github/core#v2.6.0/src/Runtime.mo
Processing /srv/shared/code/neutron/apps/wallet/.mops/_github/core#v2.6.0/src/Types.mo
Processing /srv/shared/code/neutron/apps/wallet/.mops/_github/core#v2.6.0/src/VarArray.mo
Processing /srv/shared/code/neutron/apps/wallet/.mops/_github/core#v2.6.0/src/Types.mo
Processing /srv/shared/code/neutron/apps/wallet/.mops/_github/core#v2.6.0/src/Runtime.mo
Processing /srv/shared/code/neutron/apps/wallet/.mops/_github/core#v2.6.0/src/Types.mo
Processing /srv/shared/code/neutron/apps/wallet/.mops/_github/core#v2.6.0/src/Iter.mo
Processing /srv/shared/code/neutron/apps/wallet/.mops/_github/core#v2.6.0/src/Order.mo
Processing /srv/shared/code/neutron/apps/wallet/.mops/_github/core#v2.6.0/src/VarArray.mo
Processing /srv/shared/code/neutron/apps/wallet/.mops/_github/core#v2.6.0/src/Runtime.mo
Processing /srv/shared/code/neutron/apps/wallet/.mops/_github/core#v2.6.0/src/Stack.mo
Processing /srv/shared/code/neutron/apps/wallet/.mops/_github/core#v2.6.0/src/Order.mo
Processing /srv/shared/code/neutron/apps/wallet/.mops/_github/core#v2.6.0/src/Iter.mo
Processing /srv/shared/code/neutron/apps/wallet/.mops/_github/core#v2.6.0/src/Types.mo
Processing /srv/shared/code/neutron/apps/wallet/.mops/_github/core#v2.6.0/src/pure/List.mo
Processing /srv/shared/code/neutron/apps/wallet/.mops/_github/core#v2.6.0/src/Array.mo
Processing /srv/shared/code/neutron/apps/wallet/.mops/_github/core#v2.6.0/src/VarArray.mo
Processing /srv/shared/code/neutron/apps/wallet/.mops/_github/core#v2.6.0/src/Iter.mo
Processing /srv/shared/code/neutron/apps/wallet/.mops/_github/core#v2.6.0/src/Order.mo
Processing /srv/shared/code/neutron/apps/wallet/.mops/_github/core#v2.6.0/src/Result.mo
Processing /srv/shared/code/neutron/apps/wallet/.mops/_github/core#v2.6.0/src/Runtime.mo
Processing /srv/shared/code/neutron/apps/wallet/.mops/_github/core#v2.6.0/src/Types.mo
Processing /srv/shared/code/neutron/apps/wallet/.mops/_github/core#v2.6.0/src/Runtime.mo
Processing /srv/shared/code/neutron/apps/wallet/.mops/_github/core#v2.6.0/src/Option.mo
Processing /srv/shared/code/neutron/apps/wallet/.mops/_github/core#v2.6.0/src/internal/BTreeHelper.mo
Processing /srv/shared/code/neutron/apps/wallet/.mops/_github/core#v2.6.0/src/VarArray.mo
Processing /srv/shared/code/neutron/apps/wallet/.mops/_github/core#v2.6.0/src/Runtime.mo
Processing .mops/_github/core#v2.6.0/src/Array.mo
Processing /srv/shared/code/neutron/apps/wallet/.mops/_github/core#v2.6.0/src/Order.mo
Processing /srv/shared/code/neutron/apps/wallet/.mops/_github/core#v2.6.0/src/VarArray.mo
Processing /srv/shared/code/neutron/apps/wallet/.mops/_github/core#v2.6.0/src/Option.mo
Processing /srv/shared/code/neutron/apps/wallet/.mops/_github/core#v2.6.0/src/Types.mo
Processing .mops/_github/core#v2.6.0/src/Blob.mo
Processing /srv/shared/code/neutron/apps/wallet/.mops/_github/core#v2.6.0/src/Types.mo
Processing /srv/shared/code/neutron/apps/wallet/.mops/_github/core#v2.6.0/src/Order.mo
Processing .mops/_github/core#v2.6.0/src/Map.mo
Processing .mops/_github/core#v2.6.0/src/Nat.mo
Processing /srv/shared/code/neutron/apps/wallet/.mops/_github/core#v2.6.0/src/Int.mo
Processing /srv/shared/code/neutron/apps/wallet/.mops/_github/core#v2.6.0/src/Char.mo
Processing /srv/shared/code/neutron/apps/wallet/.mops/_github/core#v2.6.0/src/Runtime.mo
Processing /srv/shared/code/neutron/apps/wallet/.mops/_github/core#v2.6.0/src/Iter.mo
Processing /srv/shared/code/neutron/apps/wallet/.mops/_github/core#v2.6.0/src/Order.mo
Processing /srv/shared/code/neutron/apps/wallet/.mops/_github/core#v2.6.0/src/Char.mo
Processing /srv/shared/code/neutron/apps/wallet/.mops/_github/core#v2.6.0/src/Iter.mo
Processing /srv/shared/code/neutron/apps/wallet/.mops/_github/core#v2.6.0/src/Runtime.mo
Processing /srv/shared/code/neutron/apps/wallet/.mops/_github/core#v2.6.0/src/Order.mo
Processing .mops/_github/core#v2.6.0/src/Principal.mo
Processing /srv/shared/code/neutron/apps/wallet/.mops/_github/core#v2.6.0/src/Blob.mo
Processing /srv/shared/code/neutron/apps/wallet/.mops/_github/core#v2.6.0/src/Types.mo
Processing /srv/shared/code/neutron/apps/wallet/.mops/_github/core#v2.6.0/src/Order.mo
Processing /srv/shared/code/neutron/apps/wallet/.mops/_github/core#v2.6.0/src/Array.mo
Processing /srv/shared/code/neutron/apps/wallet/.mops/_github/core#v2.6.0/src/VarArray.mo
Processing /srv/shared/code/neutron/apps/wallet/.mops/_github/core#v2.6.0/src/Nat.mo
Processing /srv/shared/code/neutron/apps/wallet/.mops/_github/core#v2.6.0/src/Int.mo
Processing /srv/shared/code/neutron/apps/wallet/.mops/_github/core#v2.6.0/src/Char.mo
Processing /srv/shared/code/neutron/apps/wallet/.mops/_github/core#v2.6.0/src/Iter.mo
Processing /srv/shared/code/neutron/apps/wallet/.mops/_github/core#v2.6.0/src/Runtime.mo
Processing /srv/shared/code/neutron/apps/wallet/.mops/_github/core#v2.6.0/src/Order.mo
Processing /srv/shared/code/neutron/apps/wallet/.mops/_github/core#v2.6.0/src/Nat8.mo
Processing /srv/shared/code/neutron/apps/wallet/.mops/_github/core#v2.6.0/src/Nat.mo
Processing /srv/shared/code/neutron/apps/wallet/.mops/_github/core#v2.6.0/src/Iter.mo
Processing /srv/shared/code/neutron/apps/wallet/.mops/_github/core#v2.6.0/src/Order.mo
Processing /srv/shared/code/neutron/apps/wallet/.mops/_github/core#v2.6.0/src/Nat32.mo
Processing /srv/shared/code/neutron/apps/wallet/.mops/_github/core#v2.6.0/src/Nat.mo
Processing /srv/shared/code/neutron/apps/wallet/.mops/_github/core#v2.6.0/src/Iter.mo
Processing /srv/shared/code/neutron/apps/wallet/.mops/_github/core#v2.6.0/src/Order.mo
Processing /srv/shared/code/neutron/apps/wallet/.mops/_github/core#v2.6.0/src/Nat64.mo
Processing /srv/shared/code/neutron/apps/wallet/.mops/_github/core#v2.6.0/src/Nat.mo
Processing /srv/shared/code/neutron/apps/wallet/.mops/_github/core#v2.6.0/src/Iter.mo
Processing /srv/shared/code/neutron/apps/wallet/.mops/_github/core#v2.6.0/src/Order.mo
Processing /srv/shared/code/neutron/apps/wallet/.mops/_github/core#v2.6.0/src/Text.mo
Processing /srv/shared/code/neutron/apps/wallet/.mops/_github/core#v2.6.0/src/Char.mo
Processing /srv/shared/code/neutron/apps/wallet/.mops/_github/core#v2.6.0/src/Iter.mo
Processing /srv/shared/code/neutron/apps/wallet/.mops/_github/core#v2.6.0/src/Stack.mo
Processing /srv/shared/code/neutron/apps/wallet/.mops/_github/core#v2.6.0/src/Types.mo
Processing /srv/shared/code/neutron/apps/wallet/.mops/_github/core#v2.6.0/src/Order.mo
Processing /srv/shared/code/neutron/apps/wallet/.mops/_github/core#v2.6.0/src/Types.mo
Processing .mops/_github/core#v2.6.0/src/Runtime.mo
Processing .mops/_github/core#v2.6.0/src/Text.mo
Processing /srv/shared/code/neutron/apps/wallet/.mops/_github/core#v2.6.0/src/Char.mo
Processing /srv/shared/code/neutron/apps/wallet/.mops/_github/core#v2.6.0/src/Iter.mo
Processing /srv/shared/code/neutron/apps/wallet/.mops/_github/core#v2.6.0/src/Stack.mo
Processing /srv/shared/code/neutron/apps/wallet/.mops/_github/core#v2.6.0/src/Types.mo
Processing /srv/shared/code/neutron/apps/wallet/.mops/_github/core#v2.6.0/src/Order.mo
Processing /srv/shared/code/neutron/apps/wallet/backend/capabilities/Types.mo
Processing ../../packages/neutron-motoko-capabilities/src/lib.mo
Processing /srv/shared/code/neutron/apps/wallet/backend/history/Reconcile.mo
Processing .mops/_github/core#v2.6.0/src/Array.mo
Processing .mops/_github/core#v2.6.0/src/Blob.mo
Processing .mops/_github/core#v2.6.0/src/Error.mo
Processing .mops/_github/core#v2.6.0/src/Int.mo
Processing /srv/shared/code/neutron/apps/wallet/.mops/_github/core#v2.6.0/src/Char.mo
Processing /srv/shared/code/neutron/apps/wallet/.mops/_github/core#v2.6.0/src/Runtime.mo
Processing /srv/shared/code/neutron/apps/wallet/.mops/_github/core#v2.6.0/src/Iter.mo
Processing /srv/shared/code/neutron/apps/wallet/.mops/_github/core#v2.6.0/src/Order.mo
Processing .mops/_github/core#v2.6.0/src/Iter.mo
Processing /srv/shared/code/neutron/apps/wallet/.mops/_github/core#v2.6.0/src/Array.mo
Processing /srv/shared/code/neutron/apps/wallet/.mops/_github/core#v2.6.0/src/Order.mo
Processing /srv/shared/code/neutron/apps/wallet/.mops/_github/core#v2.6.0/src/Runtime.mo
Processing /srv/shared/code/neutron/apps/wallet/.mops/_github/core#v2.6.0/src/Types.mo
Processing /srv/shared/code/neutron/apps/wallet/.mops/_github/core#v2.6.0/src/VarArray.mo
Processing .mops/_github/core#v2.6.0/src/List.mo
Processing /srv/shared/code/neutron/apps/wallet/.mops/_github/core#v2.6.0/src/pure/List.mo
Processing /srv/shared/code/neutron/apps/wallet/.mops/_github/core#v2.6.0/src/Nat32.mo
Processing /srv/shared/code/neutron/apps/wallet/.mops/_github/core#v2.6.0/src/Array.mo
Processing /srv/shared/code/neutron/apps/wallet/.mops/_github/core#v2.6.0/src/Nat.mo
Processing /srv/shared/code/neutron/apps/wallet/.mops/_github/core#v2.6.0/src/Option.mo
Processing /srv/shared/code/neutron/apps/wallet/.mops/_github/core#v2.6.0/src/VarArray.mo
Processing /srv/shared/code/neutron/apps/wallet/.mops/_github/core#v2.6.0/src/Types.mo
Processing .mops/_github/core#v2.6.0/src/Map.mo
Processing .mops/_github/core#v2.6.0/src/Nat.mo
Processing .mops/_github/core#v2.6.0/src/Principal.mo
Processing .mops/_github/core#v2.6.0/src/Text.mo
Processing .mops/_github/core#v2.6.0/src/Time.mo
Processing /srv/shared/code/neutron/apps/wallet/.mops/_github/core#v2.6.0/src/Types.mo
Processing /srv/shared/code/neutron/apps/wallet/.mops/_github/core#v2.6.0/src/Nat.mo
Processing /srv/shared/code/neutron/apps/wallet/backend/Catalog.mo
Processing .mops/_github/core#v2.6.0/src/Principal.mo
Processing /srv/shared/code/neutron/apps/wallet/backend/capabilities/Types.mo
Processing /srv/shared/code/neutron/apps/wallet/backend/chainkey/Client.mo
Processing .mops/_github/core#v2.6.0/src/List.mo
Processing .mops/_github/core#v2.6.0/src/Nat.mo
Processing .mops/_github/core#v2.6.0/src/Nat32.mo
Processing /srv/shared/code/neutron/apps/wallet/.mops/_github/core#v2.6.0/src/Nat.mo
Processing /srv/shared/code/neutron/apps/wallet/.mops/_github/core#v2.6.0/src/Iter.mo
Processing /srv/shared/code/neutron/apps/wallet/.mops/_github/core#v2.6.0/src/Order.mo
Processing .mops/_github/core#v2.6.0/src/Nat64.mo
Processing /srv/shared/code/neutron/apps/wallet/.mops/_github/core#v2.6.0/src/Nat.mo
Processing /srv/shared/code/neutron/apps/wallet/.mops/_github/core#v2.6.0/src/Iter.mo
Processing /srv/shared/code/neutron/apps/wallet/.mops/_github/core#v2.6.0/src/Order.mo
Processing .mops/_github/core#v2.6.0/src/Nat8.mo
Processing /srv/shared/code/neutron/apps/wallet/.mops/_github/core#v2.6.0/src/Nat.mo
Processing /srv/shared/code/neutron/apps/wallet/.mops/_github/core#v2.6.0/src/Iter.mo
Processing /srv/shared/code/neutron/apps/wallet/.mops/_github/core#v2.6.0/src/Order.mo
Processing .mops/_github/core#v2.6.0/src/Principal.mo
Processing /srv/shared/code/neutron/apps/wallet/backend/Catalog.mo
Processing /srv/shared/code/neutron/apps/wallet/backend/capabilities/Types.mo
Processing /srv/shared/code/neutron/apps/wallet/backend/icrc1/Client.mo
Processing /srv/shared/code/neutron/apps/wallet/backend/capabilities/Types.mo
Processing /srv/shared/code/neutron/apps/wallet/backend/funding/Display.mo
Processing .mops/_github/core#v2.6.0/src/Char.mo
Processing .mops/_github/core#v2.6.0/src/Iter.mo
Processing .mops/_github/core#v2.6.0/src/Nat.mo
Processing .mops/_github/core#v2.6.0/src/Text.mo
Processing .mops/_github/core#v2.6.0/src/Nat64.mo
Processing /srv/shared/code/neutron/apps/wallet/backend/icrc1/Types.mo
Processing /srv/shared/code/neutron/apps/wallet/backend/memory/wallet/v1.mo
Processing .mops/_github/core#v2.6.0/src/Map.mo
Processing /srv/shared/code/neutron/apps/wallet/backend/history/AccountIdentifier.mo
Processing .mops/_github/core#v2.6.0/src/Array.mo
Processing .mops/_github/core#v2.6.0/src/Blob.mo
Processing .mops/_github/core#v2.6.0/src/Char.mo
Processing .mops/_github/core#v2.6.0/src/Iter.mo
Processing .mops/_github/core#v2.6.0/src/List.mo
Processing .mops/_github/core#v2.6.0/src/Nat8.mo
Processing .mops/_github/core#v2.6.0/src/Nat32.mo
Processing .mops/_github/core#v2.6.0/src/Order.mo
Processing /srv/shared/code/neutron/apps/wallet/.mops/_github/core#v2.6.0/src/Types.mo
Processing .mops/_github/core#v2.6.0/src/Principal.mo
Processing .mops/_github/core#v2.6.0/src/Text.mo
Processing .mops/_github/core#v2.6.0/src/VarArray.mo
Processing /srv/shared/code/neutron/apps/wallet/.mops/_github/core#v2.6.0/src/Types.mo
Processing /srv/shared/code/neutron/apps/wallet/.mops/_github/core#v2.6.0/src/Order.mo
Processing /srv/shared/code/neutron/apps/wallet/.mops/_github/core#v2.6.0/src/Result.mo
Processing /srv/shared/code/neutron/apps/wallet/.mops/_github/core#v2.6.0/src/Option.mo
Processing /srv/shared/code/neutron/apps/wallet/.mops/_github/core#v2.6.0/src/internal/SortHelper.mo
Processing /srv/shared/code/neutron/apps/wallet/backend/history/Sha224.mo
Processing .mops/_github/core#v2.6.0/src/Array.mo
Processing .mops/_github/core#v2.6.0/src/Nat.mo
Processing .mops/_github/core#v2.6.0/src/Nat8.mo
Processing .mops/_github/core#v2.6.0/src/Nat32.mo
Processing .mops/_github/core#v2.6.0/src/Nat64.mo
Processing .mops/_github/core#v2.6.0/src/VarArray.mo
Processing /srv/shared/code/neutron/apps/wallet/backend/history/IcpIndex.mo
Processing .mops/_github/core#v2.6.0/src/Array.mo
Processing .mops/_github/core#v2.6.0/src/Blob.mo
Processing .mops/_github/core#v2.6.0/src/Int.mo
Processing .mops/_github/core#v2.6.0/src/List.mo
Processing .mops/_github/core#v2.6.0/src/Nat.mo
Processing .mops/_github/core#v2.6.0/src/Nat64.mo
Processing .mops/_github/core#v2.6.0/src/Nat8.mo
Processing .mops/_github/core#v2.6.0/src/Principal.mo
Processing .mops/_github/core#v2.6.0/src/Text.mo
Processing /srv/shared/code/neutron/apps/wallet/backend/capabilities/Types.mo
Processing /srv/shared/code/neutron/apps/wallet/backend/memory/wallet/v1.mo
Processing /srv/shared/code/neutron/apps/wallet/backend/history/AccountIdentifier.mo
Processing /srv/shared/code/neutron/apps/wallet/backend/history/Types.mo
Processing /srv/shared/code/neutron/apps/wallet/backend/memory/wallet/v1.mo
Processing /srv/shared/code/neutron/apps/wallet/backend/history/IcrcIndex.mo
Processing .mops/_github/core#v2.6.0/src/Array.mo
Processing .mops/_github/core#v2.6.0/src/Blob.mo
Processing .mops/_github/core#v2.6.0/src/Int.mo
Processing .mops/_github/core#v2.6.0/src/List.mo
Processing .mops/_github/core#v2.6.0/src/Nat.mo
Processing .mops/_github/core#v2.6.0/src/Nat8.mo
Processing .mops/_github/core#v2.6.0/src/Principal.mo
Processing /srv/shared/code/neutron/apps/wallet/backend/capabilities/Types.mo
Processing /srv/shared/code/neutron/apps/wallet/backend/memory/wallet/v1.mo
Processing /srv/shared/code/neutron/apps/wallet/backend/history/Types.mo
Processing /srv/shared/code/neutron/apps/wallet/backend/history/IcrcLedger.mo
Processing .mops/_github/core#v2.6.0/src/Array.mo
Processing .mops/_github/core#v2.6.0/src/Blob.mo
Processing .mops/_github/core#v2.6.0/src/Int.mo
Processing .mops/_github/core#v2.6.0/src/List.mo
Processing .mops/_github/core#v2.6.0/src/Nat.mo
Processing .mops/_github/core#v2.6.0/src/Nat64.mo
Processing .mops/_github/core#v2.6.0/src/Nat8.mo
Processing .mops/_github/core#v2.6.0/src/Principal.mo
Processing .mops/_github/core#v2.6.0/src/Text.mo
Processing /srv/shared/code/neutron/apps/wallet/backend/capabilities/Types.mo
Processing /srv/shared/code/neutron/apps/wallet/backend/memory/wallet/v1.mo
Processing /srv/shared/code/neutron/apps/wallet/backend/history/Types.mo
Processing /srv/shared/code/neutron/apps/wallet/backend/history/Store.mo
Processing .mops/_github/core#v2.6.0/src/Int.mo
Processing .mops/_github/core#v2.6.0/src/Iter.mo
Processing .mops/_github/core#v2.6.0/src/Map.mo
Processing .mops/_github/core#v2.6.0/src/Nat.mo
Processing .mops/_github/core#v2.6.0/src/Nat8.mo
Processing .mops/_github/core#v2.6.0/src/Nat64.mo
Processing .mops/_github/core#v2.6.0/src/Order.mo
Processing .mops/_github/core#v2.6.0/src/Principal.mo
Processing .mops/_github/core#v2.6.0/src/Text.mo
Processing .mops/_github/core#v2.6.0/src/Time.mo
Processing /srv/shared/code/neutron/apps/wallet/backend/memory/wallet/v1.mo
Processing /srv/shared/code/neutron/apps/wallet/backend/history/Types.mo
Processing /srv/shared/code/neutron/apps/wallet/backend/history/Store.mo
Processing /srv/shared/code/neutron/apps/wallet/backend/icrc1/Types.mo
Processing /srv/shared/code/neutron/apps/wallet/backend/main.mo
Processing .mops/_github/core#v2.6.0/src/Array.mo
Processing .mops/_github/core#v2.6.0/src/Blob.mo
Processing .mops/_github/core#v2.6.0/src/Int.mo
Processing .mops/_github/core#v2.6.0/src/Iter.mo
Processing .mops/_github/core#v2.6.0/src/List.mo
Processing .mops/_github/core#v2.6.0/src/Map.mo
Processing .mops/_github/core#v2.6.0/src/Nat.mo
Processing .mops/_github/core#v2.6.0/src/Nat64.mo
Processing .mops/_github/core#v2.6.0/src/Nat8.mo
Processing .mops/_github/core#v2.6.0/src/Order.mo
Processing .mops/_github/core#v2.6.0/src/Principal.mo
Processing .mops/_github/core#v2.6.0/src/Runtime.mo
Processing .mops/_github/core#v2.6.0/src/Set.mo
Processing /srv/shared/code/neutron/apps/wallet/.mops/_github/core#v2.6.0/src/pure/Set.mo
Processing /srv/shared/code/neutron/apps/wallet/.mops/_github/core#v2.6.0/src/Runtime.mo
Processing /srv/shared/code/neutron/apps/wallet/.mops/_github/core#v2.6.0/src/List.mo
Processing /srv/shared/code/neutron/apps/wallet/.mops/_github/core#v2.6.0/src/pure/List.mo
Processing /srv/shared/code/neutron/apps/wallet/.mops/_github/core#v2.6.0/src/Nat32.mo
Processing /srv/shared/code/neutron/apps/wallet/.mops/_github/core#v2.6.0/src/Array.mo
Processing /srv/shared/code/neutron/apps/wallet/.mops/_github/core#v2.6.0/src/Nat.mo
Processing /srv/shared/code/neutron/apps/wallet/.mops/_github/core#v2.6.0/src/Option.mo
Processing /srv/shared/code/neutron/apps/wallet/.mops/_github/core#v2.6.0/src/VarArray.mo
Processing /srv/shared/code/neutron/apps/wallet/.mops/_github/core#v2.6.0/src/Types.mo
Processing /srv/shared/code/neutron/apps/wallet/.mops/_github/core#v2.6.0/src/Iter.mo
Processing /srv/shared/code/neutron/apps/wallet/.mops/_github/core#v2.6.0/src/Types.mo
Processing /srv/shared/code/neutron/apps/wallet/.mops/_github/core#v2.6.0/src/Nat.mo
Processing /srv/shared/code/neutron/apps/wallet/.mops/_github/core#v2.6.0/src/Order.mo
Processing /srv/shared/code/neutron/apps/wallet/.mops/_github/core#v2.6.0/src/Types.mo
Processing /srv/shared/code/neutron/apps/wallet/.mops/_github/core#v2.6.0/src/Order.mo
Processing /srv/shared/code/neutron/apps/wallet/.mops/_github/core#v2.6.0/src/VarArray.mo
Processing /srv/shared/code/neutron/apps/wallet/.mops/_github/core#v2.6.0/src/Runtime.mo
Processing /srv/shared/code/neutron/apps/wallet/.mops/_github/core#v2.6.0/src/Stack.mo
Processing /srv/shared/code/neutron/apps/wallet/.mops/_github/core#v2.6.0/src/Option.mo
Processing /srv/shared/code/neutron/apps/wallet/.mops/_github/core#v2.6.0/src/Iter.mo
Processing /srv/shared/code/neutron/apps/wallet/.mops/_github/core#v2.6.0/src/internal/BTreeHelper.mo
Processing .mops/_github/core#v2.6.0/src/Text.mo
Processing .mops/_github/core#v2.6.0/src/Time.mo
Processing ../../packages/neutron-motoko-capabilities/src/lib.mo
Processing /srv/shared/code/neutron/apps/wallet/backend/Catalog.mo
Processing /srv/shared/code/neutron/apps/wallet/backend/allowances/Account.mo
Processing .mops/_github/core#v2.6.0/src/Blob.mo
Processing .mops/_github/core#v2.6.0/src/Order.mo
Processing .mops/_github/core#v2.6.0/src/Principal.mo
Processing /srv/shared/code/neutron/apps/wallet/backend/icrc1/Types.mo
Processing /srv/shared/code/neutron/apps/wallet/backend/allowances/IcpLegacy.mo
Processing .mops/_github/core#v2.6.0/src/List.mo
Processing .mops/_github/core#v2.6.0/src/Nat64.mo
Processing /srv/shared/code/neutron/apps/wallet/backend/capabilities/Types.mo
Processing /srv/shared/code/neutron/apps/wallet/backend/funding/Display.mo
Processing /srv/shared/code/neutron/apps/wallet/backend/history/AccountIdentifier.mo
Processing /srv/shared/code/neutron/apps/wallet/backend/icrc1/Types.mo
Processing /srv/shared/code/neutron/apps/wallet/backend/allowances/Pagination.mo
Processing .mops/_github/core#v2.6.0/src/Nat.mo
Processing /srv/shared/code/neutron/apps/wallet/backend/allowances/Icrc103.mo
Processing .mops/_github/core#v2.6.0/src/List.mo
Processing /srv/shared/code/neutron/apps/wallet/backend/capabilities/Types.mo
Processing /srv/shared/code/neutron/apps/wallet/backend/funding/Display.mo
Processing /srv/shared/code/neutron/apps/wallet/backend/icrc1/Types.mo
Processing /srv/shared/code/neutron/apps/wallet/backend/allowances/Account.mo
Processing /srv/shared/code/neutron/apps/wallet/backend/allowances/Pagination.mo
Processing /srv/shared/code/neutron/apps/wallet/backend/capabilities/Types.mo
Processing /srv/shared/code/neutron/apps/wallet/backend/chainkey/Client.mo
Processing /srv/shared/code/neutron/apps/wallet/backend/chainkey/Withdrawals.mo
Processing .mops/_github/core#v2.6.0/src/Nat.mo
Processing .mops/_github/core#v2.6.0/src/Int.mo
Processing .mops/_github/core#v2.6.0/src/Time.mo
Processing .mops/_github/core#v2.6.0/src/Nat64.mo
Processing .mops/_github/core#v2.6.0/src/Principal.mo
Processing /srv/shared/code/neutron/apps/wallet/backend/Catalog.mo
Processing /srv/shared/code/neutron/apps/wallet/backend/capabilities/Types.mo
Processing /srv/shared/code/neutron/apps/wallet/backend/icrc1/Client.mo
Processing /srv/shared/code/neutron/apps/wallet/backend/history/Reconcile.mo
Processing /srv/shared/code/neutron/apps/wallet/backend/history/Store.mo
Processing /srv/shared/code/neutron/apps/wallet/backend/history/Types.mo
Processing /srv/shared/code/neutron/apps/wallet/backend/icrc1/Client.mo
Processing /srv/shared/code/neutron/apps/wallet/backend/icrc1/Types.mo
Processing /srv/shared/code/neutron/apps/wallet/backend/funding/Display.mo
Processing /srv/shared/code/neutron/apps/wallet/backend/funding/Journal.mo
Processing .mops/_github/core#v2.6.0/src/Blob.mo
Processing .mops/_github/core#v2.6.0/src/Int.mo
Processing .mops/_github/core#v2.6.0/src/List.mo
Processing .mops/_github/core#v2.6.0/src/Map.mo
Processing .mops/_github/core#v2.6.0/src/Nat64.mo
Processing .mops/_github/core#v2.6.0/src/Order.mo
Processing /srv/shared/code/neutron/apps/wallet/backend/memory/wallet_commands/v1.mo
Processing .mops/_github/core#v2.6.0/src/Map.mo
Processing /srv/shared/code/neutron/apps/wallet/backend/memory/wallet/v1.mo
Processing /srv/shared/code/neutron/apps/wallet/backend/memory/wallet_commands/v1.mo
Processing /srv/shared/code/neutron/apps/wallet/backend/memory/wallet_transfers/v1.mo
Processing .mops/_github/core#v2.6.0/src/Map.mo
Processing /srv/shared/code/neutron/apps/wallet/backend/transfers/Journal.mo
Processing .mops/_github/core#v2.6.0/src/Array.mo
Processing .mops/_github/core#v2.6.0/src/Map.mo
Processing .mops/_github/core#v2.6.0/src/Principal.mo
Processing .mops/_github/core#v2.6.0/src/Time.mo
Processing /srv/shared/code/neutron/apps/wallet/backend/capabilities/Types.mo
Processing /srv/shared/code/neutron/apps/wallet/backend/icrc1/Client.mo
Processing /srv/shared/code/neutron/apps/wallet/backend/chainkey/Withdrawals.mo
Processing /srv/shared/code/neutron/apps/wallet/backend/memory/wallet_transfers/v1.mo
Processing /srv/shared/code/neutron/apps/wallet/backend/transfers/Settlement.mo
Processing .mops/_github/core#v2.6.0/src/Blob.mo
Processing .mops/_github/core#v2.6.0/src/Nat.mo
Processing .mops/_github/core#v2.6.0/src/Nat8.mo
Processing .mops/_github/core#v2.6.0/src/Nat64.mo
Processing /srv/shared/code/neutron/apps/wallet/backend/capabilities/Types.mo
Processing /srv/shared/code/neutron/apps/wallet/backend/transfers/Refund.mo
Processing .mops/_github/core#v2.6.0/src/Nat64.mo
Processing /srv/shared/code/neutron/apps/wallet/backend/capabilities/Types.mo
Processing /srv/shared/code/neutron/apps/wallet/backend/memory/wallet_bridge/v1.mo
Processing .mops/_github/core#v2.6.0/src/Map.mo
Processing /srv/shared/code/neutron/apps/wallet/backend/memory/wallet_bridge_replacements/v1.mo
Processing .mops/_github/core#v2.6.0/src/Map.mo
Processing /srv/shared/code/neutron/apps/wallet/backend/bridge/Journal.mo
Processing .mops/_github/core#v2.6.0/src/Array.mo
Processing .mops/_github/core#v2.6.0/src/Blob.mo
Processing .mops/_github/core#v2.6.0/src/Char.mo
Processing .mops/_github/core#v2.6.0/src/List.mo
Processing .mops/_github/core#v2.6.0/src/Map.mo
Processing .mops/_github/core#v2.6.0/src/Nat8.mo
Processing .mops/_github/core#v2.6.0/src/Nat64.mo
Processing .mops/_github/core#v2.6.0/src/Principal.mo
Processing .mops/_github/core#v2.6.0/src/Text.mo
Processing .mops/_github/core#v2.6.0/src/Time.mo
Processing /srv/shared/code/neutron/apps/wallet/backend/Catalog.mo
Processing /srv/shared/code/neutron/apps/wallet/backend/capabilities/Types.mo
Processing /srv/shared/code/neutron/apps/wallet/backend/memory/wallet_bridge/v1.mo
Processing /srv/shared/code/neutron/apps/wallet/backend/memory/wallet_bridge_replacements/v1.mo
Processing /srv/shared/code/neutron/apps/wallet/backend/bridge/Replacement.mo
Processing .mops/_github/core#v2.6.0/src/Blob.mo
Processing .mops/_github/core#v2.6.0/src/Map.mo
Processing /srv/shared/code/neutron/apps/wallet/backend/memory/wallet_bridge/v1.mo
Processing /srv/shared/code/neutron/apps/wallet/backend/memory/wallet_bridge_replacements/v1.mo
Processing /srv/shared/code/neutron/apps/wallet/backend/bridge/Types.mo
Processing /srv/shared/code/neutron/apps/wallet/backend/memory/wallet_bridge/v1.mo
Processing /srv/shared/code/neutron/apps/wallet/backend/bridge/Minter.mo
Processing /srv/shared/code/neutron/apps/wallet/backend/capabilities/Types.mo
Processing /srv/shared/code/neutron/apps/wallet/backend/bridge/Types.mo
Processing /srv/shared/code/neutron/apps/wallet/backend/bridge/Ledger.mo
Processing .mops/_github/core#v2.6.0/src/Blob.mo
Processing .mops/_github/core#v2.6.0/src/Principal.mo
Processing /srv/shared/code/neutron/apps/wallet/backend/capabilities/Types.mo
Processing /srv/shared/code/neutron/apps/wallet/backend/Catalog.mo
Processing /srv/shared/code/neutron/apps/wallet/backend/memory/wallet_bridge/v1.mo
Processing /srv/shared/code/neutron/apps/wallet/backend/bridge/Types.mo
Processing /srv/shared/code/neutron/apps/wallet/backend/memory/wallet_bridge_provider/v1.mo
Processing /srv/shared/code/neutron/apps/wallet/backend/bridge/BridgeProvider.mo
Processing .mops/_github/core#v2.6.0/src/Blob.mo
Processing .mops/_github/core#v2.6.0/src/Map.mo
Processing /srv/shared/code/neutron/apps/wallet/backend/memory/wallet_bridge_provider/v1.mo
Processing /srv/shared/code/neutron/apps/wallet/backend/memory/wallet_bridge/v1.mo
Processing /srv/shared/code/neutron/apps/wallet/backend/bridge/Types.mo
Processing /srv/shared/code/neutron/apps/wallet/backend/memory/wallet/v1.mo
Processing /srv/shared/code/neutron/apps/wallet/backend/memory/wallet_bridge/v1.mo
Processing /srv/shared/code/neutron/apps/wallet/backend/memory/wallet_bridge_replacements/v1.mo
Processing /srv/shared/code/neutron/apps/wallet/backend/memory/wallet_commands/v1.mo
Processing /srv/shared/code/neutron/apps/wallet/backend/memory/wallet_transfers/v1.mo
Motoko test passed: transfer_main_test.mo
Processing /srv/shared/code/neutron/apps/wallet/test/motoko/native_settlement_main_test.mo
Processing /srv/shared/code/neutron/apps/wallet/backend/memory/wallet_bridge_provider/v1.mo
Processing .mops/_github/core#v2.6.0/src/Map.mo
Processing /srv/shared/code/neutron/apps/wallet/.mops/_github/core#v2.6.0/src/pure/Map.mo
Processing /srv/shared/code/neutron/apps/wallet/.mops/_github/core#v2.6.0/src/Order.mo
Processing /srv/shared/code/neutron/apps/wallet/.mops/_github/core#v2.6.0/src/Types.mo
Processing /srv/shared/code/neutron/apps/wallet/.mops/_github/core#v2.6.0/src/Iter.mo
Processing /srv/shared/code/neutron/apps/wallet/.mops/_github/core#v2.6.0/src/Array.mo
Processing /srv/shared/code/neutron/apps/wallet/.mops/_github/core#v2.6.0/src/Order.mo
Processing /srv/shared/code/neutron/apps/wallet/.mops/_github/core#v2.6.0/src/VarArray.mo
Processing /srv/shared/code/neutron/apps/wallet/.mops/_github/core#v2.6.0/src/Types.mo
Processing /srv/shared/code/neutron/apps/wallet/.mops/_github/core#v2.6.0/src/Order.mo
Processing /srv/shared/code/neutron/apps/wallet/.mops/_github/core#v2.6.0/src/Result.mo
Processing /srv/shared/code/neutron/apps/wallet/.mops/_github/core#v2.6.0/src/Order.mo
Processing /srv/shared/code/neutron/apps/wallet/.mops/_github/core#v2.6.0/src/Types.mo
Processing /srv/shared/code/neutron/apps/wallet/.mops/_github/core#v2.6.0/src/Option.mo
Processing /srv/shared/code/neutron/apps/wallet/.mops/_github/core#v2.6.0/src/Runtime.mo
Processing /srv/shared/code/neutron/apps/wallet/.mops/_github/core#v2.6.0/src/Types.mo
Processing /srv/shared/code/neutron/apps/wallet/.mops/_github/core#v2.6.0/src/internal/SortHelper.mo
Processing /srv/shared/code/neutron/apps/wallet/.mops/_github/core#v2.6.0/src/Runtime.mo
Processing /srv/shared/code/neutron/apps/wallet/.mops/_github/core#v2.6.0/src/Order.mo
Processing /srv/shared/code/neutron/apps/wallet/.mops/_github/core#v2.6.0/src/Option.mo
Processing /srv/shared/code/neutron/apps/wallet/.mops/_github/core#v2.6.0/src/Types.mo
Processing /srv/shared/code/neutron/apps/wallet/.mops/_github/core#v2.6.0/src/Order.mo
Processing /srv/shared/code/neutron/apps/wallet/.mops/_github/core#v2.6.0/src/Runtime.mo
Processing /srv/shared/code/neutron/apps/wallet/.mops/_github/core#v2.6.0/src/Types.mo
Processing /srv/shared/code/neutron/apps/wallet/.mops/_github/core#v2.6.0/src/VarArray.mo
Processing /srv/shared/code/neutron/apps/wallet/.mops/_github/core#v2.6.0/src/Types.mo
Processing /srv/shared/code/neutron/apps/wallet/.mops/_github/core#v2.6.0/src/Runtime.mo
Processing /srv/shared/code/neutron/apps/wallet/.mops/_github/core#v2.6.0/src/Types.mo
Processing /srv/shared/code/neutron/apps/wallet/.mops/_github/core#v2.6.0/src/Iter.mo
Processing /srv/shared/code/neutron/apps/wallet/.mops/_github/core#v2.6.0/src/Order.mo
Processing /srv/shared/code/neutron/apps/wallet/.mops/_github/core#v2.6.0/src/VarArray.mo
Processing /srv/shared/code/neutron/apps/wallet/.mops/_github/core#v2.6.0/src/Runtime.mo
Processing /srv/shared/code/neutron/apps/wallet/.mops/_github/core#v2.6.0/src/Stack.mo
Processing /srv/shared/code/neutron/apps/wallet/.mops/_github/core#v2.6.0/src/Order.mo
Processing /srv/shared/code/neutron/apps/wallet/.mops/_github/core#v2.6.0/src/Iter.mo
Processing /srv/shared/code/neutron/apps/wallet/.mops/_github/core#v2.6.0/src/Types.mo
Processing /srv/shared/code/neutron/apps/wallet/.mops/_github/core#v2.6.0/src/pure/List.mo
Processing /srv/shared/code/neutron/apps/wallet/.mops/_github/core#v2.6.0/src/Array.mo
Processing /srv/shared/code/neutron/apps/wallet/.mops/_github/core#v2.6.0/src/VarArray.mo
Processing /srv/shared/code/neutron/apps/wallet/.mops/_github/core#v2.6.0/src/Iter.mo
Processing /srv/shared/code/neutron/apps/wallet/.mops/_github/core#v2.6.0/src/Order.mo
Processing /srv/shared/code/neutron/apps/wallet/.mops/_github/core#v2.6.0/src/Result.mo
Processing /srv/shared/code/neutron/apps/wallet/.mops/_github/core#v2.6.0/src/Runtime.mo
Processing /srv/shared/code/neutron/apps/wallet/.mops/_github/core#v2.6.0/src/Types.mo
Processing /srv/shared/code/neutron/apps/wallet/.mops/_github/core#v2.6.0/src/Runtime.mo
Processing /srv/shared/code/neutron/apps/wallet/.mops/_github/core#v2.6.0/src/Option.mo
Processing /srv/shared/code/neutron/apps/wallet/.mops/_github/core#v2.6.0/src/internal/BTreeHelper.mo
Processing /srv/shared/code/neutron/apps/wallet/.mops/_github/core#v2.6.0/src/VarArray.mo
Processing /srv/shared/code/neutron/apps/wallet/.mops/_github/core#v2.6.0/src/Runtime.mo
Processing .mops/_github/core#v2.6.0/src/Array.mo
Processing /srv/shared/code/neutron/apps/wallet/.mops/_github/core#v2.6.0/src/Order.mo
Processing /srv/shared/code/neutron/apps/wallet/.mops/_github/core#v2.6.0/src/VarArray.mo
Processing /srv/shared/code/neutron/apps/wallet/.mops/_github/core#v2.6.0/src/Option.mo
Processing /srv/shared/code/neutron/apps/wallet/.mops/_github/core#v2.6.0/src/Types.mo
Processing .mops/_github/core#v2.6.0/src/Blob.mo
Processing /srv/shared/code/neutron/apps/wallet/.mops/_github/core#v2.6.0/src/Types.mo
Processing /srv/shared/code/neutron/apps/wallet/.mops/_github/core#v2.6.0/src/Order.mo
Processing .mops/_github/core#v2.6.0/src/Map.mo
Processing .mops/_github/core#v2.6.0/src/Nat.mo
Processing /srv/shared/code/neutron/apps/wallet/.mops/_github/core#v2.6.0/src/Int.mo
Processing /srv/shared/code/neutron/apps/wallet/.mops/_github/core#v2.6.0/src/Char.mo
Processing /srv/shared/code/neutron/apps/wallet/.mops/_github/core#v2.6.0/src/Runtime.mo
Processing /srv/shared/code/neutron/apps/wallet/.mops/_github/core#v2.6.0/src/Iter.mo
Processing /srv/shared/code/neutron/apps/wallet/.mops/_github/core#v2.6.0/src/Order.mo
Processing /srv/shared/code/neutron/apps/wallet/.mops/_github/core#v2.6.0/src/Char.mo
Processing /srv/shared/code/neutron/apps/wallet/.mops/_github/core#v2.6.0/src/Iter.mo
Processing /srv/shared/code/neutron/apps/wallet/.mops/_github/core#v2.6.0/src/Runtime.mo
Processing /srv/shared/code/neutron/apps/wallet/.mops/_github/core#v2.6.0/src/Order.mo
Processing .mops/_github/core#v2.6.0/src/Nat64.mo
Processing /srv/shared/code/neutron/apps/wallet/.mops/_github/core#v2.6.0/src/Nat.mo
Processing /srv/shared/code/neutron/apps/wallet/.mops/_github/core#v2.6.0/src/Int.mo
Processing /srv/shared/code/neutron/apps/wallet/.mops/_github/core#v2.6.0/src/Char.mo
Processing /srv/shared/code/neutron/apps/wallet/.mops/_github/core#v2.6.0/src/Iter.mo
Processing /srv/shared/code/neutron/apps/wallet/.mops/_github/core#v2.6.0/src/Runtime.mo
Processing /srv/shared/code/neutron/apps/wallet/.mops/_github/core#v2.6.0/src/Order.mo
Processing /srv/shared/code/neutron/apps/wallet/.mops/_github/core#v2.6.0/src/Iter.mo
Processing /srv/shared/code/neutron/apps/wallet/.mops/_github/core#v2.6.0/src/Order.mo
Processing .mops/_github/core#v2.6.0/src/Principal.mo
Processing /srv/shared/code/neutron/apps/wallet/.mops/_github/core#v2.6.0/src/Blob.mo
Processing /srv/shared/code/neutron/apps/wallet/.mops/_github/core#v2.6.0/src/Types.mo
Processing /srv/shared/code/neutron/apps/wallet/.mops/_github/core#v2.6.0/src/Order.mo
Processing /srv/shared/code/neutron/apps/wallet/.mops/_github/core#v2.6.0/src/Array.mo
Processing /srv/shared/code/neutron/apps/wallet/.mops/_github/core#v2.6.0/src/VarArray.mo
Processing /srv/shared/code/neutron/apps/wallet/.mops/_github/core#v2.6.0/src/Nat.mo
Processing /srv/shared/code/neutron/apps/wallet/.mops/_github/core#v2.6.0/src/Nat8.mo
Processing /srv/shared/code/neutron/apps/wallet/.mops/_github/core#v2.6.0/src/Nat.mo
Processing /srv/shared/code/neutron/apps/wallet/.mops/_github/core#v2.6.0/src/Iter.mo
Processing /srv/shared/code/neutron/apps/wallet/.mops/_github/core#v2.6.0/src/Order.mo
Processing /srv/shared/code/neutron/apps/wallet/.mops/_github/core#v2.6.0/src/Nat32.mo
Processing /srv/shared/code/neutron/apps/wallet/.mops/_github/core#v2.6.0/src/Nat.mo
Processing /srv/shared/code/neutron/apps/wallet/.mops/_github/core#v2.6.0/src/Iter.mo
Processing /srv/shared/code/neutron/apps/wallet/.mops/_github/core#v2.6.0/src/Order.mo
Processing /srv/shared/code/neutron/apps/wallet/.mops/_github/core#v2.6.0/src/Nat64.mo
Processing /srv/shared/code/neutron/apps/wallet/.mops/_github/core#v2.6.0/src/Nat.mo
Processing /srv/shared/code/neutron/apps/wallet/.mops/_github/core#v2.6.0/src/Iter.mo
Processing /srv/shared/code/neutron/apps/wallet/.mops/_github/core#v2.6.0/src/Order.mo
Processing /srv/shared/code/neutron/apps/wallet/.mops/_github/core#v2.6.0/src/Text.mo
Processing /srv/shared/code/neutron/apps/wallet/.mops/_github/core#v2.6.0/src/Char.mo
Processing /srv/shared/code/neutron/apps/wallet/.mops/_github/core#v2.6.0/src/Iter.mo
Processing /srv/shared/code/neutron/apps/wallet/.mops/_github/core#v2.6.0/src/Stack.mo
Processing /srv/shared/code/neutron/apps/wallet/.mops/_github/core#v2.6.0/src/Types.mo
Processing /srv/shared/code/neutron/apps/wallet/.mops/_github/core#v2.6.0/src/Order.mo
Processing /srv/shared/code/neutron/apps/wallet/.mops/_github/core#v2.6.0/src/Types.mo
Processing .mops/_github/core#v2.6.0/src/Runtime.mo
Processing .mops/_github/core#v2.6.0/src/Text.mo
Processing /srv/shared/code/neutron/apps/wallet/.mops/_github/core#v2.6.0/src/Char.mo
Processing /srv/shared/code/neutron/apps/wallet/.mops/_github/core#v2.6.0/src/Iter.mo
Processing /srv/shared/code/neutron/apps/wallet/.mops/_github/core#v2.6.0/src/Stack.mo
Processing /srv/shared/code/neutron/apps/wallet/.mops/_github/core#v2.6.0/src/Types.mo
Processing /srv/shared/code/neutron/apps/wallet/.mops/_github/core#v2.6.0/src/Order.mo
Processing /srv/shared/code/neutron/apps/wallet/backend/capabilities/Types.mo
Processing ../../packages/neutron-motoko-capabilities/src/lib.mo
Processing /srv/shared/code/neutron/apps/wallet/backend/history/Store.mo
Processing .mops/_github/core#v2.6.0/src/Int.mo
Processing /srv/shared/code/neutron/apps/wallet/.mops/_github/core#v2.6.0/src/Char.mo
Processing /srv/shared/code/neutron/apps/wallet/.mops/_github/core#v2.6.0/src/Runtime.mo
Processing /srv/shared/code/neutron/apps/wallet/.mops/_github/core#v2.6.0/src/Iter.mo
Processing /srv/shared/code/neutron/apps/wallet/.mops/_github/core#v2.6.0/src/Order.mo
Processing .mops/_github/core#v2.6.0/src/Iter.mo
Processing /srv/shared/code/neutron/apps/wallet/.mops/_github/core#v2.6.0/src/Array.mo
Processing /srv/shared/code/neutron/apps/wallet/.mops/_github/core#v2.6.0/src/Order.mo
Processing /srv/shared/code/neutron/apps/wallet/.mops/_github/core#v2.6.0/src/Runtime.mo
Processing /srv/shared/code/neutron/apps/wallet/.mops/_github/core#v2.6.0/src/Types.mo
Processing /srv/shared/code/neutron/apps/wallet/.mops/_github/core#v2.6.0/src/VarArray.mo
Processing .mops/_github/core#v2.6.0/src/Map.mo
Processing .mops/_github/core#v2.6.0/src/Nat.mo
Processing .mops/_github/core#v2.6.0/src/Nat8.mo
Processing /srv/shared/code/neutron/apps/wallet/.mops/_github/core#v2.6.0/src/Nat.mo
Processing /srv/shared/code/neutron/apps/wallet/.mops/_github/core#v2.6.0/src/Iter.mo
Processing /srv/shared/code/neutron/apps/wallet/.mops/_github/core#v2.6.0/src/Order.mo
Processing .mops/_github/core#v2.6.0/src/Nat64.mo
Processing .mops/_github/core#v2.6.0/src/Order.mo
Processing /srv/shared/code/neutron/apps/wallet/.mops/_github/core#v2.6.0/src/Types.mo
Processing .mops/_github/core#v2.6.0/src/Principal.mo
Processing .mops/_github/core#v2.6.0/src/Text.mo
Processing .mops/_github/core#v2.6.0/src/Time.mo
Processing /srv/shared/code/neutron/apps/wallet/.mops/_github/core#v2.6.0/src/Types.mo
Processing /srv/shared/code/neutron/apps/wallet/.mops/_github/core#v2.6.0/src/Nat.mo
Processing /srv/shared/code/neutron/apps/wallet/backend/memory/wallet/v1.mo
Processing .mops/_github/core#v2.6.0/src/Map.mo
Processing /srv/shared/code/neutron/apps/wallet/backend/icrc1/Types.mo
Processing /srv/shared/code/neutron/apps/wallet/backend/main.mo
Processing .mops/_github/core#v2.6.0/src/Array.mo
Processing .mops/_github/core#v2.6.0/src/Blob.mo
Processing .mops/_github/core#v2.6.0/src/Int.mo
Processing .mops/_github/core#v2.6.0/src/Iter.mo
Processing .mops/_github/core#v2.6.0/src/List.mo
Processing /srv/shared/code/neutron/apps/wallet/.mops/_github/core#v2.6.0/src/pure/List.mo
Processing /srv/shared/code/neutron/apps/wallet/.mops/_github/core#v2.6.0/src/Nat32.mo
Processing /srv/shared/code/neutron/apps/wallet/.mops/_github/core#v2.6.0/src/Array.mo
Processing /srv/shared/code/neutron/apps/wallet/.mops/_github/core#v2.6.0/src/Nat.mo
Processing /srv/shared/code/neutron/apps/wallet/.mops/_github/core#v2.6.0/src/Option.mo
Processing /srv/shared/code/neutron/apps/wallet/.mops/_github/core#v2.6.0/src/VarArray.mo
Processing /srv/shared/code/neutron/apps/wallet/.mops/_github/core#v2.6.0/src/Types.mo
Processing .mops/_github/core#v2.6.0/src/Map.mo
Processing .mops/_github/core#v2.6.0/src/Nat.mo
Processing .mops/_github/core#v2.6.0/src/Nat64.mo
Processing .mops/_github/core#v2.6.0/src/Nat8.mo
Processing .mops/_github/core#v2.6.0/src/Order.mo
Processing .mops/_github/core#v2.6.0/src/Principal.mo
Processing .mops/_github/core#v2.6.0/src/Runtime.mo
Processing .mops/_github/core#v2.6.0/src/Set.mo
Processing /srv/shared/code/neutron/apps/wallet/.mops/_github/core#v2.6.0/src/pure/Set.mo
Processing /srv/shared/code/neutron/apps/wallet/.mops/_github/core#v2.6.0/src/Runtime.mo
Processing /srv/shared/code/neutron/apps/wallet/.mops/_github/core#v2.6.0/src/List.mo
Processing /srv/shared/code/neutron/apps/wallet/.mops/_github/core#v2.6.0/src/pure/List.mo
Processing /srv/shared/code/neutron/apps/wallet/.mops/_github/core#v2.6.0/src/Nat32.mo
Processing /srv/shared/code/neutron/apps/wallet/.mops/_github/core#v2.6.0/src/Array.mo
Processing /srv/shared/code/neutron/apps/wallet/.mops/_github/core#v2.6.0/src/Nat.mo
Processing /srv/shared/code/neutron/apps/wallet/.mops/_github/core#v2.6.0/src/Option.mo
Processing /srv/shared/code/neutron/apps/wallet/.mops/_github/core#v2.6.0/src/VarArray.mo
Processing /srv/shared/code/neutron/apps/wallet/.mops/_github/core#v2.6.0/src/Types.mo
Processing /srv/shared/code/neutron/apps/wallet/.mops/_github/core#v2.6.0/src/Iter.mo
Processing /srv/shared/code/neutron/apps/wallet/.mops/_github/core#v2.6.0/src/Types.mo
Processing /srv/shared/code/neutron/apps/wallet/.mops/_github/core#v2.6.0/src/Nat.mo
Processing /srv/shared/code/neutron/apps/wallet/.mops/_github/core#v2.6.0/src/Order.mo
Processing /srv/shared/code/neutron/apps/wallet/.mops/_github/core#v2.6.0/src/Types.mo
Processing /srv/shared/code/neutron/apps/wallet/.mops/_github/core#v2.6.0/src/Order.mo
Processing /srv/shared/code/neutron/apps/wallet/.mops/_github/core#v2.6.0/src/VarArray.mo
Processing /srv/shared/code/neutron/apps/wallet/.mops/_github/core#v2.6.0/src/Runtime.mo
Processing /srv/shared/code/neutron/apps/wallet/.mops/_github/core#v2.6.0/src/Stack.mo
Processing /srv/shared/code/neutron/apps/wallet/.mops/_github/core#v2.6.0/src/Option.mo
Processing /srv/shared/code/neutron/apps/wallet/.mops/_github/core#v2.6.0/src/Iter.mo
Processing /srv/shared/code/neutron/apps/wallet/.mops/_github/core#v2.6.0/src/internal/BTreeHelper.mo
Processing .mops/_github/core#v2.6.0/src/Text.mo
Processing .mops/_github/core#v2.6.0/src/Time.mo
Processing ../../packages/neutron-motoko-capabilities/src/lib.mo
Processing /srv/shared/code/neutron/apps/wallet/backend/Catalog.mo
Processing .mops/_github/core#v2.6.0/src/Principal.mo
Processing /srv/shared/code/neutron/apps/wallet/backend/allowances/Account.mo
Processing .mops/_github/core#v2.6.0/src/Blob.mo
Processing .mops/_github/core#v2.6.0/src/Order.mo
Processing .mops/_github/core#v2.6.0/src/Principal.mo
Processing /srv/shared/code/neutron/apps/wallet/backend/icrc1/Types.mo
Processing /srv/shared/code/neutron/apps/wallet/backend/allowances/IcpLegacy.mo
Processing .mops/_github/core#v2.6.0/src/List.mo
Processing .mops/_github/core#v2.6.0/src/Nat64.mo
Processing /srv/shared/code/neutron/apps/wallet/backend/capabilities/Types.mo
Processing /srv/shared/code/neutron/apps/wallet/backend/funding/Display.mo
Processing .mops/_github/core#v2.6.0/src/Char.mo
Processing .mops/_github/core#v2.6.0/src/Iter.mo
Processing .mops/_github/core#v2.6.0/src/Nat.mo
Processing .mops/_github/core#v2.6.0/src/Text.mo
Processing /srv/shared/code/neutron/apps/wallet/backend/history/AccountIdentifier.mo
Processing .mops/_github/core#v2.6.0/src/Array.mo
Processing .mops/_github/core#v2.6.0/src/Blob.mo
Processing .mops/_github/core#v2.6.0/src/Char.mo
Processing .mops/_github/core#v2.6.0/src/Iter.mo
Processing .mops/_github/core#v2.6.0/src/List.mo
Processing .mops/_github/core#v2.6.0/src/Nat8.mo
Processing .mops/_github/core#v2.6.0/src/Nat32.mo
Processing /srv/shared/code/neutron/apps/wallet/.mops/_github/core#v2.6.0/src/Nat.mo
Processing /srv/shared/code/neutron/apps/wallet/.mops/_github/core#v2.6.0/src/Iter.mo
Processing /srv/shared/code/neutron/apps/wallet/.mops/_github/core#v2.6.0/src/Order.mo
Processing .mops/_github/core#v2.6.0/src/Order.mo
Processing .mops/_github/core#v2.6.0/src/Principal.mo
Processing .mops/_github/core#v2.6.0/src/Text.mo
Processing .mops/_github/core#v2.6.0/src/VarArray.mo
Processing /srv/shared/code/neutron/apps/wallet/.mops/_github/core#v2.6.0/src/Types.mo
Processing /srv/shared/code/neutron/apps/wallet/.mops/_github/core#v2.6.0/src/Order.mo
Processing /srv/shared/code/neutron/apps/wallet/.mops/_github/core#v2.6.0/src/Result.mo
Processing /srv/shared/code/neutron/apps/wallet/.mops/_github/core#v2.6.0/src/Option.mo
Processing /srv/shared/code/neutron/apps/wallet/.mops/_github/core#v2.6.0/src/internal/SortHelper.mo
Processing /srv/shared/code/neutron/apps/wallet/backend/history/Sha224.mo
Processing .mops/_github/core#v2.6.0/src/Array.mo
Processing .mops/_github/core#v2.6.0/src/Nat.mo
Processing .mops/_github/core#v2.6.0/src/Nat8.mo
Processing .mops/_github/core#v2.6.0/src/Nat32.mo
Processing .mops/_github/core#v2.6.0/src/Nat64.mo
Processing .mops/_github/core#v2.6.0/src/VarArray.mo
Processing /srv/shared/code/neutron/apps/wallet/backend/icrc1/Types.mo
Processing /srv/shared/code/neutron/apps/wallet/backend/allowances/Pagination.mo
Processing .mops/_github/core#v2.6.0/src/Nat.mo
Processing /srv/shared/code/neutron/apps/wallet/backend/allowances/Icrc103.mo
Processing .mops/_github/core#v2.6.0/src/List.mo
Processing /srv/shared/code/neutron/apps/wallet/backend/capabilities/Types.mo
Processing /srv/shared/code/neutron/apps/wallet/backend/funding/Display.mo
Processing /srv/shared/code/neutron/apps/wallet/backend/icrc1/Types.mo
Processing /srv/shared/code/neutron/apps/wallet/backend/allowances/Account.mo
Processing /srv/shared/code/neutron/apps/wallet/backend/allowances/Pagination.mo
Processing /srv/shared/code/neutron/apps/wallet/backend/capabilities/Types.mo
Processing /srv/shared/code/neutron/apps/wallet/backend/chainkey/Client.mo
Processing .mops/_github/core#v2.6.0/src/List.mo
Processing .mops/_github/core#v2.6.0/src/Nat.mo
Processing .mops/_github/core#v2.6.0/src/Nat32.mo
Processing .mops/_github/core#v2.6.0/src/Nat64.mo
Processing .mops/_github/core#v2.6.0/src/Nat8.mo
Processing .mops/_github/core#v2.6.0/src/Principal.mo
Processing /srv/shared/code/neutron/apps/wallet/backend/Catalog.mo
Processing /srv/shared/code/neutron/apps/wallet/backend/capabilities/Types.mo
Processing /srv/shared/code/neutron/apps/wallet/backend/chainkey/Withdrawals.mo
Processing .mops/_github/core#v2.6.0/src/Nat.mo
Processing .mops/_github/core#v2.6.0/src/Int.mo
Processing .mops/_github/core#v2.6.0/src/Time.mo
Processing .mops/_github/core#v2.6.0/src/Nat64.mo
Processing .mops/_github/core#v2.6.0/src/Principal.mo
Processing /srv/shared/code/neutron/apps/wallet/backend/Catalog.mo
Processing /srv/shared/code/neutron/apps/wallet/backend/capabilities/Types.mo
Processing /srv/shared/code/neutron/apps/wallet/backend/icrc1/Client.mo
Processing /srv/shared/code/neutron/apps/wallet/backend/capabilities/Types.mo
Processing /srv/shared/code/neutron/apps/wallet/backend/funding/Display.mo
Processing .mops/_github/core#v2.6.0/src/Nat64.mo
Processing /srv/shared/code/neutron/apps/wallet/backend/icrc1/Types.mo
Processing /srv/shared/code/neutron/apps/wallet/backend/history/Reconcile.mo
Processing .mops/_github/core#v2.6.0/src/Array.mo
Processing .mops/_github/core#v2.6.0/src/Blob.mo
Processing .mops/_github/core#v2.6.0/src/Error.mo
Processing .mops/_github/core#v2.6.0/src/Int.mo
Processing .mops/_github/core#v2.6.0/src/Iter.mo
Processing .mops/_github/core#v2.6.0/src/List.mo
Processing .mops/_github/core#v2.6.0/src/Map.mo
Processing .mops/_github/core#v2.6.0/src/Nat.mo
Processing .mops/_github/core#v2.6.0/src/Principal.mo
Processing .mops/_github/core#v2.6.0/src/Text.mo
Processing .mops/_github/core#v2.6.0/src/Time.mo
Processing /srv/shared/code/neutron/apps/wallet/backend/Catalog.mo
Processing /srv/shared/code/neutron/apps/wallet/backend/capabilities/Types.mo
Processing /srv/shared/code/neutron/apps/wallet/backend/chainkey/Client.mo
Processing /srv/shared/code/neutron/apps/wallet/backend/icrc1/Client.mo
Processing /srv/shared/code/neutron/apps/wallet/backend/memory/wallet/v1.mo
Processing /srv/shared/code/neutron/apps/wallet/backend/history/AccountIdentifier.mo
Processing /srv/shared/code/neutron/apps/wallet/backend/history/IcpIndex.mo
Processing .mops/_github/core#v2.6.0/src/Array.mo
Processing .mops/_github/core#v2.6.0/src/Blob.mo
Processing .mops/_github/core#v2.6.0/src/Int.mo
Processing .mops/_github/core#v2.6.0/src/List.mo
Processing .mops/_github/core#v2.6.0/src/Nat.mo
Processing .mops/_github/core#v2.6.0/src/Nat64.mo
Processing .mops/_github/core#v2.6.0/src/Nat8.mo
Processing .mops/_github/core#v2.6.0/src/Principal.mo
Processing .mops/_github/core#v2.6.0/src/Text.mo
Processing /srv/shared/code/neutron/apps/wallet/backend/capabilities/Types.mo
Processing /srv/shared/code/neutron/apps/wallet/backend/memory/wallet/v1.mo
Processing /srv/shared/code/neutron/apps/wallet/backend/history/AccountIdentifier.mo
Processing /srv/shared/code/neutron/apps/wallet/backend/history/Types.mo
Processing /srv/shared/code/neutron/apps/wallet/backend/memory/wallet/v1.mo
Processing /srv/shared/code/neutron/apps/wallet/backend/history/IcrcIndex.mo
Processing .mops/_github/core#v2.6.0/src/Array.mo
Processing .mops/_github/core#v2.6.0/src/Blob.mo
Processing .mops/_github/core#v2.6.0/src/Int.mo
Processing .mops/_github/core#v2.6.0/src/List.mo
Processing .mops/_github/core#v2.6.0/src/Nat.mo
Processing .mops/_github/core#v2.6.0/src/Nat8.mo
Processing .mops/_github/core#v2.6.0/src/Principal.mo
Processing /srv/shared/code/neutron/apps/wallet/backend/capabilities/Types.mo
Processing /srv/shared/code/neutron/apps/wallet/backend/memory/wallet/v1.mo
Processing /srv/shared/code/neutron/apps/wallet/backend/history/Types.mo
Processing /srv/shared/code/neutron/apps/wallet/backend/history/IcrcLedger.mo
Processing .mops/_github/core#v2.6.0/src/Array.mo
Processing .mops/_github/core#v2.6.0/src/Blob.mo
Processing .mops/_github/core#v2.6.0/src/Int.mo
Processing .mops/_github/core#v2.6.0/src/List.mo
Processing .mops/_github/core#v2.6.0/src/Nat.mo
Processing .mops/_github/core#v2.6.0/src/Nat64.mo
Processing .mops/_github/core#v2.6.0/src/Nat8.mo
Processing .mops/_github/core#v2.6.0/src/Principal.mo
Processing .mops/_github/core#v2.6.0/src/Text.mo
Processing /srv/shared/code/neutron/apps/wallet/backend/capabilities/Types.mo
Processing /srv/shared/code/neutron/apps/wallet/backend/memory/wallet/v1.mo
Processing /srv/shared/code/neutron/apps/wallet/backend/history/Types.mo
Processing /srv/shared/code/neutron/apps/wallet/backend/history/Store.mo
Processing /srv/shared/code/neutron/apps/wallet/backend/history/Types.mo
Processing /srv/shared/code/neutron/apps/wallet/backend/history/Store.mo
Processing /srv/shared/code/neutron/apps/wallet/backend/history/Types.mo
Processing /srv/shared/code/neutron/apps/wallet/backend/icrc1/Client.mo
Processing /srv/shared/code/neutron/apps/wallet/backend/icrc1/Types.mo
Processing /srv/shared/code/neutron/apps/wallet/backend/funding/Display.mo
Processing /srv/shared/code/neutron/apps/wallet/backend/funding/Journal.mo
Processing .mops/_github/core#v2.6.0/src/Blob.mo
Processing .mops/_github/core#v2.6.0/src/Int.mo
Processing .mops/_github/core#v2.6.0/src/List.mo
Processing .mops/_github/core#v2.6.0/src/Map.mo
Processing .mops/_github/core#v2.6.0/src/Nat64.mo
Processing .mops/_github/core#v2.6.0/src/Order.mo
Processing /srv/shared/code/neutron/apps/wallet/backend/memory/wallet_commands/v1.mo
Processing .mops/_github/core#v2.6.0/src/Map.mo
Processing /srv/shared/code/neutron/apps/wallet/backend/memory/wallet/v1.mo
Processing /srv/shared/code/neutron/apps/wallet/backend/memory/wallet_commands/v1.mo
Processing /srv/shared/code/neutron/apps/wallet/backend/memory/wallet_transfers/v1.mo
Processing .mops/_github/core#v2.6.0/src/Map.mo
Processing /srv/shared/code/neutron/apps/wallet/backend/transfers/Journal.mo
Processing .mops/_github/core#v2.6.0/src/Array.mo
Processing .mops/_github/core#v2.6.0/src/Map.mo
Processing .mops/_github/core#v2.6.0/src/Principal.mo
Processing .mops/_github/core#v2.6.0/src/Time.mo
Processing /srv/shared/code/neutron/apps/wallet/backend/capabilities/Types.mo
Processing /srv/shared/code/neutron/apps/wallet/backend/icrc1/Client.mo
Processing /srv/shared/code/neutron/apps/wallet/backend/chainkey/Withdrawals.mo
Processing /srv/shared/code/neutron/apps/wallet/backend/memory/wallet_transfers/v1.mo
Processing /srv/shared/code/neutron/apps/wallet/backend/transfers/Settlement.mo
Processing .mops/_github/core#v2.6.0/src/Blob.mo
Processing .mops/_github/core#v2.6.0/src/Nat.mo
Processing .mops/_github/core#v2.6.0/src/Nat8.mo
Processing .mops/_github/core#v2.6.0/src/Nat64.mo
Processing /srv/shared/code/neutron/apps/wallet/backend/capabilities/Types.mo
Processing /srv/shared/code/neutron/apps/wallet/backend/transfers/Refund.mo
Processing .mops/_github/core#v2.6.0/src/Nat64.mo
Processing /srv/shared/code/neutron/apps/wallet/backend/capabilities/Types.mo
Processing /srv/shared/code/neutron/apps/wallet/backend/memory/wallet_bridge/v1.mo
Processing .mops/_github/core#v2.6.0/src/Map.mo
Processing /srv/shared/code/neutron/apps/wallet/backend/memory/wallet_bridge_replacements/v1.mo
Processing .mops/_github/core#v2.6.0/src/Map.mo
Processing /srv/shared/code/neutron/apps/wallet/backend/bridge/Journal.mo
Processing .mops/_github/core#v2.6.0/src/Array.mo
Processing .mops/_github/core#v2.6.0/src/Blob.mo
Processing .mops/_github/core#v2.6.0/src/Char.mo
Processing .mops/_github/core#v2.6.0/src/List.mo
Processing .mops/_github/core#v2.6.0/src/Map.mo
Processing .mops/_github/core#v2.6.0/src/Nat8.mo
Processing .mops/_github/core#v2.6.0/src/Nat64.mo
Processing .mops/_github/core#v2.6.0/src/Principal.mo
Processing .mops/_github/core#v2.6.0/src/Text.mo
Processing .mops/_github/core#v2.6.0/src/Time.mo
Processing /srv/shared/code/neutron/apps/wallet/backend/Catalog.mo
Processing /srv/shared/code/neutron/apps/wallet/backend/capabilities/Types.mo
Processing /srv/shared/code/neutron/apps/wallet/backend/memory/wallet_bridge/v1.mo
Processing /srv/shared/code/neutron/apps/wallet/backend/memory/wallet_bridge_replacements/v1.mo
Processing /srv/shared/code/neutron/apps/wallet/backend/bridge/Replacement.mo
Processing .mops/_github/core#v2.6.0/src/Blob.mo
Processing .mops/_github/core#v2.6.0/src/Map.mo
Processing /srv/shared/code/neutron/apps/wallet/backend/memory/wallet_bridge/v1.mo
Processing /srv/shared/code/neutron/apps/wallet/backend/memory/wallet_bridge_replacements/v1.mo
Processing /srv/shared/code/neutron/apps/wallet/backend/bridge/Types.mo
Processing /srv/shared/code/neutron/apps/wallet/backend/memory/wallet_bridge/v1.mo
Processing /srv/shared/code/neutron/apps/wallet/backend/bridge/Minter.mo
Processing /srv/shared/code/neutron/apps/wallet/backend/capabilities/Types.mo
Processing /srv/shared/code/neutron/apps/wallet/backend/bridge/Types.mo
Processing /srv/shared/code/neutron/apps/wallet/backend/bridge/Ledger.mo
Processing .mops/_github/core#v2.6.0/src/Blob.mo
Processing .mops/_github/core#v2.6.0/src/Principal.mo
Processing /srv/shared/code/neutron/apps/wallet/backend/capabilities/Types.mo
Processing /srv/shared/code/neutron/apps/wallet/backend/Catalog.mo
Processing /srv/shared/code/neutron/apps/wallet/backend/memory/wallet_bridge/v1.mo
Processing /srv/shared/code/neutron/apps/wallet/backend/bridge/Types.mo
Processing /srv/shared/code/neutron/apps/wallet/backend/memory/wallet_bridge_provider/v1.mo
Processing /srv/shared/code/neutron/apps/wallet/backend/bridge/BridgeProvider.mo
Processing .mops/_github/core#v2.6.0/src/Blob.mo
Processing .mops/_github/core#v2.6.0/src/Map.mo
Processing /srv/shared/code/neutron/apps/wallet/backend/memory/wallet_bridge_provider/v1.mo
Processing /srv/shared/code/neutron/apps/wallet/backend/memory/wallet_bridge/v1.mo
Processing /srv/shared/code/neutron/apps/wallet/backend/bridge/Types.mo
Processing /srv/shared/code/neutron/apps/wallet/backend/memory/wallet/v1.mo
Processing /srv/shared/code/neutron/apps/wallet/backend/memory/wallet_bridge/v1.mo
Processing /srv/shared/code/neutron/apps/wallet/backend/memory/wallet_bridge_replacements/v1.mo
Processing /srv/shared/code/neutron/apps/wallet/backend/memory/wallet_commands/v1.mo
Processing /srv/shared/code/neutron/apps/wallet/backend/memory/wallet_transfers/v1.mo
Processing /srv/shared/code/neutron/apps/wallet/backend/transfers/Journal.mo
Motoko test passed: native_settlement_main_test.mo
Processing /srv/shared/code/neutron/apps/wallet/test/motoko/erc20_refund_main_test.mo
Processing /srv/shared/code/neutron/apps/wallet/backend/memory/wallet_bridge_provider/v1.mo
Processing .mops/_github/core#v2.6.0/src/Map.mo
Processing /srv/shared/code/neutron/apps/wallet/.mops/_github/core#v2.6.0/src/pure/Map.mo
Processing /srv/shared/code/neutron/apps/wallet/.mops/_github/core#v2.6.0/src/Order.mo
Processing /srv/shared/code/neutron/apps/wallet/.mops/_github/core#v2.6.0/src/Types.mo
Processing /srv/shared/code/neutron/apps/wallet/.mops/_github/core#v2.6.0/src/Iter.mo
Processing /srv/shared/code/neutron/apps/wallet/.mops/_github/core#v2.6.0/src/Array.mo
Processing /srv/shared/code/neutron/apps/wallet/.mops/_github/core#v2.6.0/src/Order.mo
Processing /srv/shared/code/neutron/apps/wallet/.mops/_github/core#v2.6.0/src/VarArray.mo
Processing /srv/shared/code/neutron/apps/wallet/.mops/_github/core#v2.6.0/src/Types.mo
Processing /srv/shared/code/neutron/apps/wallet/.mops/_github/core#v2.6.0/src/Order.mo
Processing /srv/shared/code/neutron/apps/wallet/.mops/_github/core#v2.6.0/src/Result.mo
Processing /srv/shared/code/neutron/apps/wallet/.mops/_github/core#v2.6.0/src/Order.mo
Processing /srv/shared/code/neutron/apps/wallet/.mops/_github/core#v2.6.0/src/Types.mo
Processing /srv/shared/code/neutron/apps/wallet/.mops/_github/core#v2.6.0/src/Option.mo
Processing /srv/shared/code/neutron/apps/wallet/.mops/_github/core#v2.6.0/src/Runtime.mo
Processing /srv/shared/code/neutron/apps/wallet/.mops/_github/core#v2.6.0/src/Types.mo
Processing /srv/shared/code/neutron/apps/wallet/.mops/_github/core#v2.6.0/src/internal/SortHelper.mo
Processing /srv/shared/code/neutron/apps/wallet/.mops/_github/core#v2.6.0/src/Runtime.mo
Processing /srv/shared/code/neutron/apps/wallet/.mops/_github/core#v2.6.0/src/Order.mo
Processing /srv/shared/code/neutron/apps/wallet/.mops/_github/core#v2.6.0/src/Option.mo
Processing /srv/shared/code/neutron/apps/wallet/.mops/_github/core#v2.6.0/src/Types.mo
Processing /srv/shared/code/neutron/apps/wallet/.mops/_github/core#v2.6.0/src/Order.mo
Processing /srv/shared/code/neutron/apps/wallet/.mops/_github/core#v2.6.0/src/Runtime.mo
Processing /srv/shared/code/neutron/apps/wallet/.mops/_github/core#v2.6.0/src/Types.mo
Processing /srv/shared/code/neutron/apps/wallet/.mops/_github/core#v2.6.0/src/VarArray.mo
Processing /srv/shared/code/neutron/apps/wallet/.mops/_github/core#v2.6.0/src/Types.mo
Processing /srv/shared/code/neutron/apps/wallet/.mops/_github/core#v2.6.0/src/Runtime.mo
Processing /srv/shared/code/neutron/apps/wallet/.mops/_github/core#v2.6.0/src/Types.mo
Processing /srv/shared/code/neutron/apps/wallet/.mops/_github/core#v2.6.0/src/Iter.mo
Processing /srv/shared/code/neutron/apps/wallet/.mops/_github/core#v2.6.0/src/Order.mo
Processing /srv/shared/code/neutron/apps/wallet/.mops/_github/core#v2.6.0/src/VarArray.mo
Processing /srv/shared/code/neutron/apps/wallet/.mops/_github/core#v2.6.0/src/Runtime.mo
Processing /srv/shared/code/neutron/apps/wallet/.mops/_github/core#v2.6.0/src/Stack.mo
Processing /srv/shared/code/neutron/apps/wallet/.mops/_github/core#v2.6.0/src/Order.mo
Processing /srv/shared/code/neutron/apps/wallet/.mops/_github/core#v2.6.0/src/Iter.mo
Processing /srv/shared/code/neutron/apps/wallet/.mops/_github/core#v2.6.0/src/Types.mo
Processing /srv/shared/code/neutron/apps/wallet/.mops/_github/core#v2.6.0/src/pure/List.mo
Processing /srv/shared/code/neutron/apps/wallet/.mops/_github/core#v2.6.0/src/Array.mo
Processing /srv/shared/code/neutron/apps/wallet/.mops/_github/core#v2.6.0/src/VarArray.mo
Processing /srv/shared/code/neutron/apps/wallet/.mops/_github/core#v2.6.0/src/Iter.mo
Processing /srv/shared/code/neutron/apps/wallet/.mops/_github/core#v2.6.0/src/Order.mo
Processing /srv/shared/code/neutron/apps/wallet/.mops/_github/core#v2.6.0/src/Result.mo
Processing /srv/shared/code/neutron/apps/wallet/.mops/_github/core#v2.6.0/src/Runtime.mo
Processing /srv/shared/code/neutron/apps/wallet/.mops/_github/core#v2.6.0/src/Types.mo
Processing /srv/shared/code/neutron/apps/wallet/.mops/_github/core#v2.6.0/src/Runtime.mo
Processing /srv/shared/code/neutron/apps/wallet/.mops/_github/core#v2.6.0/src/Option.mo
Processing /srv/shared/code/neutron/apps/wallet/.mops/_github/core#v2.6.0/src/internal/BTreeHelper.mo
Processing /srv/shared/code/neutron/apps/wallet/.mops/_github/core#v2.6.0/src/VarArray.mo
Processing /srv/shared/code/neutron/apps/wallet/.mops/_github/core#v2.6.0/src/Runtime.mo
Processing .mops/_github/core#v2.6.0/src/Array.mo
Processing /srv/shared/code/neutron/apps/wallet/.mops/_github/core#v2.6.0/src/Order.mo
Processing /srv/shared/code/neutron/apps/wallet/.mops/_github/core#v2.6.0/src/VarArray.mo
Processing /srv/shared/code/neutron/apps/wallet/.mops/_github/core#v2.6.0/src/Option.mo
Processing /srv/shared/code/neutron/apps/wallet/.mops/_github/core#v2.6.0/src/Types.mo
Processing .mops/_github/core#v2.6.0/src/Blob.mo
Processing /srv/shared/code/neutron/apps/wallet/.mops/_github/core#v2.6.0/src/Types.mo
Processing /srv/shared/code/neutron/apps/wallet/.mops/_github/core#v2.6.0/src/Order.mo
Processing .mops/_github/core#v2.6.0/src/Map.mo
Processing .mops/_github/core#v2.6.0/src/Nat.mo
Processing /srv/shared/code/neutron/apps/wallet/.mops/_github/core#v2.6.0/src/Int.mo
Processing /srv/shared/code/neutron/apps/wallet/.mops/_github/core#v2.6.0/src/Char.mo
Processing /srv/shared/code/neutron/apps/wallet/.mops/_github/core#v2.6.0/src/Runtime.mo
Processing /srv/shared/code/neutron/apps/wallet/.mops/_github/core#v2.6.0/src/Iter.mo
Processing /srv/shared/code/neutron/apps/wallet/.mops/_github/core#v2.6.0/src/Order.mo
Processing /srv/shared/code/neutron/apps/wallet/.mops/_github/core#v2.6.0/src/Char.mo
Processing /srv/shared/code/neutron/apps/wallet/.mops/_github/core#v2.6.0/src/Iter.mo
Processing /srv/shared/code/neutron/apps/wallet/.mops/_github/core#v2.6.0/src/Runtime.mo
Processing /srv/shared/code/neutron/apps/wallet/.mops/_github/core#v2.6.0/src/Order.mo
Processing .mops/_github/core#v2.6.0/src/Principal.mo
Processing /srv/shared/code/neutron/apps/wallet/.mops/_github/core#v2.6.0/src/Blob.mo
Processing /srv/shared/code/neutron/apps/wallet/.mops/_github/core#v2.6.0/src/Types.mo
Processing /srv/shared/code/neutron/apps/wallet/.mops/_github/core#v2.6.0/src/Order.mo
Processing /srv/shared/code/neutron/apps/wallet/.mops/_github/core#v2.6.0/src/Array.mo
Processing /srv/shared/code/neutron/apps/wallet/.mops/_github/core#v2.6.0/src/VarArray.mo
Processing /srv/shared/code/neutron/apps/wallet/.mops/_github/core#v2.6.0/src/Nat.mo
Processing /srv/shared/code/neutron/apps/wallet/.mops/_github/core#v2.6.0/src/Int.mo
Processing /srv/shared/code/neutron/apps/wallet/.mops/_github/core#v2.6.0/src/Char.mo
Processing /srv/shared/code/neutron/apps/wallet/.mops/_github/core#v2.6.0/src/Iter.mo
Processing /srv/shared/code/neutron/apps/wallet/.mops/_github/core#v2.6.0/src/Runtime.mo
Processing /srv/shared/code/neutron/apps/wallet/.mops/_github/core#v2.6.0/src/Order.mo
Processing /srv/shared/code/neutron/apps/wallet/.mops/_github/core#v2.6.0/src/Nat8.mo
Processing /srv/shared/code/neutron/apps/wallet/.mops/_github/core#v2.6.0/src/Nat.mo
Processing /srv/shared/code/neutron/apps/wallet/.mops/_github/core#v2.6.0/src/Iter.mo
Processing /srv/shared/code/neutron/apps/wallet/.mops/_github/core#v2.6.0/src/Order.mo
Processing /srv/shared/code/neutron/apps/wallet/.mops/_github/core#v2.6.0/src/Nat32.mo
Processing /srv/shared/code/neutron/apps/wallet/.mops/_github/core#v2.6.0/src/Nat.mo
Processing /srv/shared/code/neutron/apps/wallet/.mops/_github/core#v2.6.0/src/Iter.mo
Processing /srv/shared/code/neutron/apps/wallet/.mops/_github/core#v2.6.0/src/Order.mo
Processing /srv/shared/code/neutron/apps/wallet/.mops/_github/core#v2.6.0/src/Nat64.mo
Processing /srv/shared/code/neutron/apps/wallet/.mops/_github/core#v2.6.0/src/Nat.mo
Processing /srv/shared/code/neutron/apps/wallet/.mops/_github/core#v2.6.0/src/Iter.mo
Processing /srv/shared/code/neutron/apps/wallet/.mops/_github/core#v2.6.0/src/Order.mo
Processing /srv/shared/code/neutron/apps/wallet/.mops/_github/core#v2.6.0/src/Text.mo
Processing /srv/shared/code/neutron/apps/wallet/.mops/_github/core#v2.6.0/src/Char.mo
Processing /srv/shared/code/neutron/apps/wallet/.mops/_github/core#v2.6.0/src/Iter.mo
Processing /srv/shared/code/neutron/apps/wallet/.mops/_github/core#v2.6.0/src/Stack.mo
Processing /srv/shared/code/neutron/apps/wallet/.mops/_github/core#v2.6.0/src/Types.mo
Processing /srv/shared/code/neutron/apps/wallet/.mops/_github/core#v2.6.0/src/Order.mo
Processing /srv/shared/code/neutron/apps/wallet/.mops/_github/core#v2.6.0/src/Types.mo
Processing .mops/_github/core#v2.6.0/src/Runtime.mo
Processing .mops/_github/core#v2.6.0/src/Text.mo
Processing /srv/shared/code/neutron/apps/wallet/.mops/_github/core#v2.6.0/src/Char.mo
Processing /srv/shared/code/neutron/apps/wallet/.mops/_github/core#v2.6.0/src/Iter.mo
Processing /srv/shared/code/neutron/apps/wallet/.mops/_github/core#v2.6.0/src/Stack.mo
Processing /srv/shared/code/neutron/apps/wallet/.mops/_github/core#v2.6.0/src/Types.mo
Processing /srv/shared/code/neutron/apps/wallet/.mops/_github/core#v2.6.0/src/Order.mo
Processing /srv/shared/code/neutron/apps/wallet/backend/capabilities/Types.mo
Processing ../../packages/neutron-motoko-capabilities/src/lib.mo
Processing /srv/shared/code/neutron/apps/wallet/backend/history/Store.mo
Processing .mops/_github/core#v2.6.0/src/Int.mo
Processing /srv/shared/code/neutron/apps/wallet/.mops/_github/core#v2.6.0/src/Char.mo
Processing /srv/shared/code/neutron/apps/wallet/.mops/_github/core#v2.6.0/src/Runtime.mo
Processing /srv/shared/code/neutron/apps/wallet/.mops/_github/core#v2.6.0/src/Iter.mo
Processing /srv/shared/code/neutron/apps/wallet/.mops/_github/core#v2.6.0/src/Order.mo
Processing .mops/_github/core#v2.6.0/src/Iter.mo
Processing /srv/shared/code/neutron/apps/wallet/.mops/_github/core#v2.6.0/src/Array.mo
Processing /srv/shared/code/neutron/apps/wallet/.mops/_github/core#v2.6.0/src/Order.mo
Processing /srv/shared/code/neutron/apps/wallet/.mops/_github/core#v2.6.0/src/Runtime.mo
Processing /srv/shared/code/neutron/apps/wallet/.mops/_github/core#v2.6.0/src/Types.mo
Processing /srv/shared/code/neutron/apps/wallet/.mops/_github/core#v2.6.0/src/VarArray.mo
Processing .mops/_github/core#v2.6.0/src/Map.mo
Processing .mops/_github/core#v2.6.0/src/Nat.mo
Processing .mops/_github/core#v2.6.0/src/Nat8.mo
Processing /srv/shared/code/neutron/apps/wallet/.mops/_github/core#v2.6.0/src/Nat.mo
Processing /srv/shared/code/neutron/apps/wallet/.mops/_github/core#v2.6.0/src/Iter.mo
Processing /srv/shared/code/neutron/apps/wallet/.mops/_github/core#v2.6.0/src/Order.mo
Processing .mops/_github/core#v2.6.0/src/Nat64.mo
Processing /srv/shared/code/neutron/apps/wallet/.mops/_github/core#v2.6.0/src/Nat.mo
Processing /srv/shared/code/neutron/apps/wallet/.mops/_github/core#v2.6.0/src/Iter.mo
Processing /srv/shared/code/neutron/apps/wallet/.mops/_github/core#v2.6.0/src/Order.mo
Processing .mops/_github/core#v2.6.0/src/Order.mo
Processing /srv/shared/code/neutron/apps/wallet/.mops/_github/core#v2.6.0/src/Types.mo
Processing .mops/_github/core#v2.6.0/src/Principal.mo
Processing .mops/_github/core#v2.6.0/src/Text.mo
Processing .mops/_github/core#v2.6.0/src/Time.mo
Processing /srv/shared/code/neutron/apps/wallet/.mops/_github/core#v2.6.0/src/Types.mo
Processing /srv/shared/code/neutron/apps/wallet/.mops/_github/core#v2.6.0/src/Nat.mo
Processing /srv/shared/code/neutron/apps/wallet/backend/memory/wallet/v1.mo
Processing .mops/_github/core#v2.6.0/src/Map.mo
Processing /srv/shared/code/neutron/apps/wallet/backend/icrc1/Types.mo
Processing /srv/shared/code/neutron/apps/wallet/backend/main.mo
Processing .mops/_github/core#v2.6.0/src/Array.mo
Processing .mops/_github/core#v2.6.0/src/Blob.mo
Processing .mops/_github/core#v2.6.0/src/Int.mo
Processing .mops/_github/core#v2.6.0/src/Iter.mo
Processing .mops/_github/core#v2.6.0/src/List.mo
Processing /srv/shared/code/neutron/apps/wallet/.mops/_github/core#v2.6.0/src/pure/List.mo
Processing /srv/shared/code/neutron/apps/wallet/.mops/_github/core#v2.6.0/src/Nat32.mo
Processing /srv/shared/code/neutron/apps/wallet/.mops/_github/core#v2.6.0/src/Array.mo
Processing /srv/shared/code/neutron/apps/wallet/.mops/_github/core#v2.6.0/src/Nat.mo
Processing /srv/shared/code/neutron/apps/wallet/.mops/_github/core#v2.6.0/src/Option.mo
Processing /srv/shared/code/neutron/apps/wallet/.mops/_github/core#v2.6.0/src/VarArray.mo
Processing /srv/shared/code/neutron/apps/wallet/.mops/_github/core#v2.6.0/src/Types.mo
Processing .mops/_github/core#v2.6.0/src/Map.mo
Processing .mops/_github/core#v2.6.0/src/Nat.mo
Processing .mops/_github/core#v2.6.0/src/Nat64.mo
Processing .mops/_github/core#v2.6.0/src/Nat8.mo
Processing .mops/_github/core#v2.6.0/src/Order.mo
Processing .mops/_github/core#v2.6.0/src/Principal.mo
Processing .mops/_github/core#v2.6.0/src/Runtime.mo
Processing .mops/_github/core#v2.6.0/src/Set.mo
Processing /srv/shared/code/neutron/apps/wallet/.mops/_github/core#v2.6.0/src/pure/Set.mo
Processing /srv/shared/code/neutron/apps/wallet/.mops/_github/core#v2.6.0/src/Runtime.mo
Processing /srv/shared/code/neutron/apps/wallet/.mops/_github/core#v2.6.0/src/List.mo
Processing /srv/shared/code/neutron/apps/wallet/.mops/_github/core#v2.6.0/src/pure/List.mo
Processing /srv/shared/code/neutron/apps/wallet/.mops/_github/core#v2.6.0/src/Nat32.mo
Processing /srv/shared/code/neutron/apps/wallet/.mops/_github/core#v2.6.0/src/Array.mo
Processing /srv/shared/code/neutron/apps/wallet/.mops/_github/core#v2.6.0/src/Nat.mo
Processing /srv/shared/code/neutron/apps/wallet/.mops/_github/core#v2.6.0/src/Option.mo
Processing /srv/shared/code/neutron/apps/wallet/.mops/_github/core#v2.6.0/src/VarArray.mo
Processing /srv/shared/code/neutron/apps/wallet/.mops/_github/core#v2.6.0/src/Types.mo
Processing /srv/shared/code/neutron/apps/wallet/.mops/_github/core#v2.6.0/src/Iter.mo
Processing /srv/shared/code/neutron/apps/wallet/.mops/_github/core#v2.6.0/src/Types.mo
Processing /srv/shared/code/neutron/apps/wallet/.mops/_github/core#v2.6.0/src/Nat.mo
Processing /srv/shared/code/neutron/apps/wallet/.mops/_github/core#v2.6.0/src/Order.mo
Processing /srv/shared/code/neutron/apps/wallet/.mops/_github/core#v2.6.0/src/Types.mo
Processing /srv/shared/code/neutron/apps/wallet/.mops/_github/core#v2.6.0/src/Order.mo
Processing /srv/shared/code/neutron/apps/wallet/.mops/_github/core#v2.6.0/src/VarArray.mo
Processing /srv/shared/code/neutron/apps/wallet/.mops/_github/core#v2.6.0/src/Runtime.mo
Processing /srv/shared/code/neutron/apps/wallet/.mops/_github/core#v2.6.0/src/Stack.mo
Processing /srv/shared/code/neutron/apps/wallet/.mops/_github/core#v2.6.0/src/Option.mo
Processing /srv/shared/code/neutron/apps/wallet/.mops/_github/core#v2.6.0/src/Iter.mo
Processing /srv/shared/code/neutron/apps/wallet/.mops/_github/core#v2.6.0/src/internal/BTreeHelper.mo
Processing .mops/_github/core#v2.6.0/src/Text.mo
Processing .mops/_github/core#v2.6.0/src/Time.mo
Processing ../../packages/neutron-motoko-capabilities/src/lib.mo
Processing /srv/shared/code/neutron/apps/wallet/backend/Catalog.mo
Processing .mops/_github/core#v2.6.0/src/Principal.mo
Processing /srv/shared/code/neutron/apps/wallet/backend/allowances/Account.mo
Processing .mops/_github/core#v2.6.0/src/Blob.mo
Processing .mops/_github/core#v2.6.0/src/Order.mo
Processing .mops/_github/core#v2.6.0/src/Principal.mo
Processing /srv/shared/code/neutron/apps/wallet/backend/icrc1/Types.mo
Processing /srv/shared/code/neutron/apps/wallet/backend/allowances/IcpLegacy.mo
Processing .mops/_github/core#v2.6.0/src/List.mo
Processing .mops/_github/core#v2.6.0/src/Nat64.mo
Processing /srv/shared/code/neutron/apps/wallet/backend/capabilities/Types.mo
Processing /srv/shared/code/neutron/apps/wallet/backend/funding/Display.mo
Processing .mops/_github/core#v2.6.0/src/Char.mo
Processing .mops/_github/core#v2.6.0/src/Iter.mo
Processing .mops/_github/core#v2.6.0/src/Nat.mo
Processing .mops/_github/core#v2.6.0/src/Text.mo
Processing /srv/shared/code/neutron/apps/wallet/backend/history/AccountIdentifier.mo
Processing .mops/_github/core#v2.6.0/src/Array.mo
Processing .mops/_github/core#v2.6.0/src/Blob.mo
Processing .mops/_github/core#v2.6.0/src/Char.mo
Processing .mops/_github/core#v2.6.0/src/Iter.mo
Processing .mops/_github/core#v2.6.0/src/List.mo
Processing .mops/_github/core#v2.6.0/src/Nat8.mo
Processing .mops/_github/core#v2.6.0/src/Nat32.mo
Processing /srv/shared/code/neutron/apps/wallet/.mops/_github/core#v2.6.0/src/Nat.mo
Processing /srv/shared/code/neutron/apps/wallet/.mops/_github/core#v2.6.0/src/Iter.mo
Processing /srv/shared/code/neutron/apps/wallet/.mops/_github/core#v2.6.0/src/Order.mo
Processing .mops/_github/core#v2.6.0/src/Order.mo
Processing .mops/_github/core#v2.6.0/src/Principal.mo
Processing .mops/_github/core#v2.6.0/src/Text.mo
Processing .mops/_github/core#v2.6.0/src/VarArray.mo
Processing /srv/shared/code/neutron/apps/wallet/.mops/_github/core#v2.6.0/src/Types.mo
Processing /srv/shared/code/neutron/apps/wallet/.mops/_github/core#v2.6.0/src/Order.mo
Processing /srv/shared/code/neutron/apps/wallet/.mops/_github/core#v2.6.0/src/Result.mo
Processing /srv/shared/code/neutron/apps/wallet/.mops/_github/core#v2.6.0/src/Option.mo
Processing /srv/shared/code/neutron/apps/wallet/.mops/_github/core#v2.6.0/src/internal/SortHelper.mo
Processing /srv/shared/code/neutron/apps/wallet/backend/history/Sha224.mo
Processing .mops/_github/core#v2.6.0/src/Array.mo
Processing .mops/_github/core#v2.6.0/src/Nat.mo
Processing .mops/_github/core#v2.6.0/src/Nat8.mo
Processing .mops/_github/core#v2.6.0/src/Nat32.mo
Processing .mops/_github/core#v2.6.0/src/Nat64.mo
Processing .mops/_github/core#v2.6.0/src/VarArray.mo
Processing /srv/shared/code/neutron/apps/wallet/backend/icrc1/Types.mo
Processing /srv/shared/code/neutron/apps/wallet/backend/allowances/Pagination.mo
Processing .mops/_github/core#v2.6.0/src/Nat.mo
Processing /srv/shared/code/neutron/apps/wallet/backend/allowances/Icrc103.mo
Processing .mops/_github/core#v2.6.0/src/List.mo
Processing /srv/shared/code/neutron/apps/wallet/backend/capabilities/Types.mo
Processing /srv/shared/code/neutron/apps/wallet/backend/funding/Display.mo
Processing /srv/shared/code/neutron/apps/wallet/backend/icrc1/Types.mo
Processing /srv/shared/code/neutron/apps/wallet/backend/allowances/Account.mo
Processing /srv/shared/code/neutron/apps/wallet/backend/allowances/Pagination.mo
Processing /srv/shared/code/neutron/apps/wallet/backend/capabilities/Types.mo
Processing /srv/shared/code/neutron/apps/wallet/backend/chainkey/Client.mo
Processing .mops/_github/core#v2.6.0/src/List.mo
Processing .mops/_github/core#v2.6.0/src/Nat.mo
Processing .mops/_github/core#v2.6.0/src/Nat32.mo
Processing .mops/_github/core#v2.6.0/src/Nat64.mo
Processing .mops/_github/core#v2.6.0/src/Nat8.mo
Processing .mops/_github/core#v2.6.0/src/Principal.mo
Processing /srv/shared/code/neutron/apps/wallet/backend/Catalog.mo
Processing /srv/shared/code/neutron/apps/wallet/backend/capabilities/Types.mo
Processing /srv/shared/code/neutron/apps/wallet/backend/chainkey/Withdrawals.mo
Processing .mops/_github/core#v2.6.0/src/Nat.mo
Processing .mops/_github/core#v2.6.0/src/Int.mo
Processing .mops/_github/core#v2.6.0/src/Time.mo
Processing .mops/_github/core#v2.6.0/src/Nat64.mo
Processing .mops/_github/core#v2.6.0/src/Principal.mo
Processing /srv/shared/code/neutron/apps/wallet/backend/Catalog.mo
Processing /srv/shared/code/neutron/apps/wallet/backend/capabilities/Types.mo
Processing /srv/shared/code/neutron/apps/wallet/backend/icrc1/Client.mo
Processing /srv/shared/code/neutron/apps/wallet/backend/capabilities/Types.mo
Processing /srv/shared/code/neutron/apps/wallet/backend/funding/Display.mo
Processing .mops/_github/core#v2.6.0/src/Nat64.mo
Processing /srv/shared/code/neutron/apps/wallet/backend/icrc1/Types.mo
Processing /srv/shared/code/neutron/apps/wallet/backend/history/Reconcile.mo
Processing .mops/_github/core#v2.6.0/src/Array.mo
Processing .mops/_github/core#v2.6.0/src/Blob.mo
Processing .mops/_github/core#v2.6.0/src/Error.mo
Processing .mops/_github/core#v2.6.0/src/Int.mo
Processing .mops/_github/core#v2.6.0/src/Iter.mo
Processing .mops/_github/core#v2.6.0/src/List.mo
Processing .mops/_github/core#v2.6.0/src/Map.mo
Processing .mops/_github/core#v2.6.0/src/Nat.mo
Processing .mops/_github/core#v2.6.0/src/Principal.mo
Processing .mops/_github/core#v2.6.0/src/Text.mo
Processing .mops/_github/core#v2.6.0/src/Time.mo
Processing /srv/shared/code/neutron/apps/wallet/backend/Catalog.mo
Processing /srv/shared/code/neutron/apps/wallet/backend/capabilities/Types.mo
Processing /srv/shared/code/neutron/apps/wallet/backend/chainkey/Client.mo
Processing /srv/shared/code/neutron/apps/wallet/backend/icrc1/Client.mo
Processing /srv/shared/code/neutron/apps/wallet/backend/memory/wallet/v1.mo
Processing /srv/shared/code/neutron/apps/wallet/backend/history/AccountIdentifier.mo
Processing /srv/shared/code/neutron/apps/wallet/backend/history/IcpIndex.mo
Processing .mops/_github/core#v2.6.0/src/Array.mo
Processing .mops/_github/core#v2.6.0/src/Blob.mo
Processing .mops/_github/core#v2.6.0/src/Int.mo
Processing .mops/_github/core#v2.6.0/src/List.mo
Processing .mops/_github/core#v2.6.0/src/Nat.mo
Processing .mops/_github/core#v2.6.0/src/Nat64.mo
Processing .mops/_github/core#v2.6.0/src/Nat8.mo
Processing .mops/_github/core#v2.6.0/src/Principal.mo
Processing .mops/_github/core#v2.6.0/src/Text.mo
Processing /srv/shared/code/neutron/apps/wallet/backend/capabilities/Types.mo
Processing /srv/shared/code/neutron/apps/wallet/backend/memory/wallet/v1.mo
Processing /srv/shared/code/neutron/apps/wallet/backend/history/AccountIdentifier.mo
Processing /srv/shared/code/neutron/apps/wallet/backend/history/Types.mo
Processing /srv/shared/code/neutron/apps/wallet/backend/memory/wallet/v1.mo
Processing /srv/shared/code/neutron/apps/wallet/backend/history/IcrcIndex.mo
Processing .mops/_github/core#v2.6.0/src/Array.mo
Processing .mops/_github/core#v2.6.0/src/Blob.mo
Processing .mops/_github/core#v2.6.0/src/Int.mo
Processing .mops/_github/core#v2.6.0/src/List.mo
Processing .mops/_github/core#v2.6.0/src/Nat.mo
Processing .mops/_github/core#v2.6.0/src/Nat8.mo
Processing .mops/_github/core#v2.6.0/src/Principal.mo
Processing /srv/shared/code/neutron/apps/wallet/backend/capabilities/Types.mo
Processing /srv/shared/code/neutron/apps/wallet/backend/memory/wallet/v1.mo
Processing /srv/shared/code/neutron/apps/wallet/backend/history/Types.mo
Processing /srv/shared/code/neutron/apps/wallet/backend/history/IcrcLedger.mo
Processing .mops/_github/core#v2.6.0/src/Array.mo
Processing .mops/_github/core#v2.6.0/src/Blob.mo
Processing .mops/_github/core#v2.6.0/src/Int.mo
Processing .mops/_github/core#v2.6.0/src/List.mo
Processing .mops/_github/core#v2.6.0/src/Nat.mo
Processing .mops/_github/core#v2.6.0/src/Nat64.mo
Processing .mops/_github/core#v2.6.0/src/Nat8.mo
Processing .mops/_github/core#v2.6.0/src/Principal.mo
Processing .mops/_github/core#v2.6.0/src/Text.mo
Processing /srv/shared/code/neutron/apps/wallet/backend/capabilities/Types.mo
Processing /srv/shared/code/neutron/apps/wallet/backend/memory/wallet/v1.mo
Processing /srv/shared/code/neutron/apps/wallet/backend/history/Types.mo
Processing /srv/shared/code/neutron/apps/wallet/backend/history/Store.mo
Processing /srv/shared/code/neutron/apps/wallet/backend/history/Types.mo
Processing /srv/shared/code/neutron/apps/wallet/backend/history/Store.mo
Processing /srv/shared/code/neutron/apps/wallet/backend/history/Types.mo
Processing /srv/shared/code/neutron/apps/wallet/backend/icrc1/Client.mo
Processing /srv/shared/code/neutron/apps/wallet/backend/icrc1/Types.mo
Processing /srv/shared/code/neutron/apps/wallet/backend/funding/Display.mo
Processing /srv/shared/code/neutron/apps/wallet/backend/funding/Journal.mo
Processing .mops/_github/core#v2.6.0/src/Blob.mo
Processing .mops/_github/core#v2.6.0/src/Int.mo
Processing .mops/_github/core#v2.6.0/src/List.mo
Processing .mops/_github/core#v2.6.0/src/Map.mo
Processing .mops/_github/core#v2.6.0/src/Nat64.mo
Processing .mops/_github/core#v2.6.0/src/Order.mo
Processing /srv/shared/code/neutron/apps/wallet/backend/memory/wallet_commands/v1.mo
Processing .mops/_github/core#v2.6.0/src/Map.mo
Processing /srv/shared/code/neutron/apps/wallet/backend/memory/wallet/v1.mo
Processing /srv/shared/code/neutron/apps/wallet/backend/memory/wallet_commands/v1.mo
Processing /srv/shared/code/neutron/apps/wallet/backend/memory/wallet_transfers/v1.mo
Processing .mops/_github/core#v2.6.0/src/Map.mo
Processing /srv/shared/code/neutron/apps/wallet/backend/transfers/Journal.mo
Processing .mops/_github/core#v2.6.0/src/Array.mo
Processing .mops/_github/core#v2.6.0/src/Map.mo
Processing .mops/_github/core#v2.6.0/src/Principal.mo
Processing .mops/_github/core#v2.6.0/src/Time.mo
Processing /srv/shared/code/neutron/apps/wallet/backend/capabilities/Types.mo
Processing /srv/shared/code/neutron/apps/wallet/backend/icrc1/Client.mo
Processing /srv/shared/code/neutron/apps/wallet/backend/chainkey/Withdrawals.mo
Processing /srv/shared/code/neutron/apps/wallet/backend/memory/wallet_transfers/v1.mo
Processing /srv/shared/code/neutron/apps/wallet/backend/transfers/Settlement.mo
Processing .mops/_github/core#v2.6.0/src/Blob.mo
Processing .mops/_github/core#v2.6.0/src/Nat.mo
Processing .mops/_github/core#v2.6.0/src/Nat8.mo
Processing .mops/_github/core#v2.6.0/src/Nat64.mo
Processing /srv/shared/code/neutron/apps/wallet/backend/capabilities/Types.mo
Processing /srv/shared/code/neutron/apps/wallet/backend/transfers/Refund.mo
Processing .mops/_github/core#v2.6.0/src/Nat64.mo
Processing /srv/shared/code/neutron/apps/wallet/backend/capabilities/Types.mo
Processing /srv/shared/code/neutron/apps/wallet/backend/memory/wallet_bridge/v1.mo
Processing .mops/_github/core#v2.6.0/src/Map.mo
Processing /srv/shared/code/neutron/apps/wallet/backend/memory/wallet_bridge_replacements/v1.mo
Processing .mops/_github/core#v2.6.0/src/Map.mo
Processing /srv/shared/code/neutron/apps/wallet/backend/bridge/Journal.mo
Processing .mops/_github/core#v2.6.0/src/Array.mo
Processing .mops/_github/core#v2.6.0/src/Blob.mo
Processing .mops/_github/core#v2.6.0/src/Char.mo
Processing .mops/_github/core#v2.6.0/src/List.mo
Processing .mops/_github/core#v2.6.0/src/Map.mo
Processing .mops/_github/core#v2.6.0/src/Nat8.mo
Processing .mops/_github/core#v2.6.0/src/Nat64.mo
Processing .mops/_github/core#v2.6.0/src/Principal.mo
Processing .mops/_github/core#v2.6.0/src/Text.mo
Processing .mops/_github/core#v2.6.0/src/Time.mo
Processing /srv/shared/code/neutron/apps/wallet/backend/Catalog.mo
Processing /srv/shared/code/neutron/apps/wallet/backend/capabilities/Types.mo
Processing /srv/shared/code/neutron/apps/wallet/backend/memory/wallet_bridge/v1.mo
Processing /srv/shared/code/neutron/apps/wallet/backend/memory/wallet_bridge_replacements/v1.mo
Processing /srv/shared/code/neutron/apps/wallet/backend/bridge/Replacement.mo
Processing .mops/_github/core#v2.6.0/src/Blob.mo
Processing .mops/_github/core#v2.6.0/src/Map.mo
Processing /srv/shared/code/neutron/apps/wallet/backend/memory/wallet_bridge/v1.mo
Processing /srv/shared/code/neutron/apps/wallet/backend/memory/wallet_bridge_replacements/v1.mo
Processing /srv/shared/code/neutron/apps/wallet/backend/bridge/Types.mo
Processing /srv/shared/code/neutron/apps/wallet/backend/memory/wallet_bridge/v1.mo
Processing /srv/shared/code/neutron/apps/wallet/backend/bridge/Minter.mo
Processing /srv/shared/code/neutron/apps/wallet/backend/capabilities/Types.mo
Processing /srv/shared/code/neutron/apps/wallet/backend/bridge/Types.mo
Processing /srv/shared/code/neutron/apps/wallet/backend/bridge/Ledger.mo
Processing .mops/_github/core#v2.6.0/src/Blob.mo
Processing .mops/_github/core#v2.6.0/src/Principal.mo
Processing /srv/shared/code/neutron/apps/wallet/backend/capabilities/Types.mo
Processing /srv/shared/code/neutron/apps/wallet/backend/Catalog.mo
Processing /srv/shared/code/neutron/apps/wallet/backend/memory/wallet_bridge/v1.mo
Processing /srv/shared/code/neutron/apps/wallet/backend/bridge/Types.mo
Processing /srv/shared/code/neutron/apps/wallet/backend/memory/wallet_bridge_provider/v1.mo
Processing /srv/shared/code/neutron/apps/wallet/backend/bridge/BridgeProvider.mo
Processing .mops/_github/core#v2.6.0/src/Blob.mo
Processing .mops/_github/core#v2.6.0/src/Map.mo
Processing /srv/shared/code/neutron/apps/wallet/backend/memory/wallet_bridge_provider/v1.mo
Processing /srv/shared/code/neutron/apps/wallet/backend/memory/wallet_bridge/v1.mo
Processing /srv/shared/code/neutron/apps/wallet/backend/bridge/Types.mo
Processing /srv/shared/code/neutron/apps/wallet/backend/memory/wallet/v1.mo
Processing /srv/shared/code/neutron/apps/wallet/backend/memory/wallet_bridge/v1.mo
Processing /srv/shared/code/neutron/apps/wallet/backend/memory/wallet_bridge_replacements/v1.mo
Processing /srv/shared/code/neutron/apps/wallet/backend/memory/wallet_commands/v1.mo
Processing /srv/shared/code/neutron/apps/wallet/backend/memory/wallet_transfers/v1.mo
Processing /srv/shared/code/neutron/apps/wallet/backend/transfers/Journal.mo
Motoko test passed: erc20_refund_main_test.mo
